Carregando modelo treinado de /home/students/moliveira/paperMessages/reports/classifier_macrotopic_balanced_c/lr_all-distilroberta-v1_producao.joblib...
WARNING: Using incubator modules: jdk.incubator.vector
Using Spark's default log4j profile: org/apache/spark/log4j2-defaults.properties
Setting default log level to "WARN".
To adjust logging level use sc.setLogLevel(newLevel). For SparkR, use setLogLevel(newLevel).
/share/spark/latest/python/pyspark/testing/utils.py:127: FutureWarning: PySpark does not yet fully support pandas >= 3.0.0. Some features may not work correctly. It is recommended to use pandas < 3.0.0 for now.
  require_minimum_pandas_version()
26/09/10 00:40:29 WARN NativeCodeLoader: Unable to load native-hadoop library for your platform... using builtin-java classes where applicable
26/09/10 00:40:30 WARN Utils: Service 'SparkUI' could not bind on port 4040. Attempting port 4041.
26/09/10 00:40:30 WARN Utils: Service 'SparkUI' could not bind on port 4041. Attempting port 4042.
26/09/10 00:40:30 WARN Utils: Service 'SparkUI' could not bind on port 4042. Attempting port 4043.
26/09/10 00:40:30 WARN Utils: Service 'SparkUI' could not bind on port 4043. Attempting port 4044.
26/09/10 00:40:30 WARN Utils: Service 'SparkUI' could not bind on port 4044. Attempting port 4045.
26/09/10 00:40:30 WARN Utils: Service 'SparkUI' could not bind on port 4045. Attempting port 4046.
Carregando base de dados para inferência...
Lendo base de dados de: /home/students/moliveira/paperMessages/data/processed/messages_classified
[Stage 0:>                                                          (0 + 1) / 1]                                                                                {"ts": "2026-09-10 00:40:36.736", "level": "ERROR", "logger": "DataFrameQueryContextLogger", "msg": "[UNRESOLVED_COLUMN.WITH_SUGGESTION] A column, variable, or function parameter with name `clean_text` cannot be resolved. Did you mean one of the following? [`text`, `month`, `year`, `datetime`, `id`]. SQLSTATE: 42703", "context": {"file": "java.base/jdk.internal.reflect.NativeMethodAccessorImpl.invoke0(Native Method)", "line": "", "fragment": "col", "errorClass": "UNRESOLVED_COLUMN.WITH_SUGGESTION"}, "exception": {"class": "Py4JJavaError", "msg": "An error occurred while calling o40.select.\n: org.apache.spark.sql.AnalysisException: [UNRESOLVED_COLUMN.WITH_SUGGESTION] A column, variable, or function parameter with name `clean_text` cannot be resolved. Did you mean one of the following? [`text`, `month`, `year`, `datetime`, `id`]. SQLSTATE: 42703;\n'Project [id#0L, group_name#1, 'clean_text, datetime#3, year#5, month#6, political_category#4]\n+- Relation [id#0L,group_name#1,text#2,datetime#3,political_category#4,year#5,month#6] parquet\n\n\tat org.apache.spark.sql.errors.QueryCompilationErrors$.unresolvedAttributeError(QueryCompilationErrors.scala:432)\n\tat org.apache.spark.sql.catalyst.analysis.CheckAnalysis.org$apache$spark$sql$catalyst$analysis$CheckAnalysis$$failUnresolvedAttribute(CheckAnalysis.scala:244)\n\tat org.apache.spark.sql.catalyst.analysis.CheckAnalysis.$anonfun$checkAnalysis0$8(CheckAnalysis.scala:536)\n\tat org.apache.spark.sql.catalyst.analysis.CheckAnalysis.$anonfun$checkAnalysis0$8$adapted(CheckAnalysis.scala:534)\n\tat org.apache.spark.sql.catalyst.trees.TreeNode.foreachUp(TreeNode.scala:277)\n\tat org.apache.spark.sql.catalyst.analysis.CheckAnalysis.$anonfun$checkAnalysis0$7(CheckAnalysis.scala:534)\n\tat org.apache.spark.sql.catalyst.analysis.CheckAnalysis.$anonfun$checkAnalysis0$7$adapted(CheckAnalysis.scala:534)\n\tat scala.collection.immutable.List.foreach(List.scala:323)\n\tat org.apache.spark.sql.catalyst.analysis.CheckAnalysis.$anonfun$checkAnalysis0$2(CheckAnalysis.scala:534)\n\tat org.apache.spark.sql.catalyst.analysis.CheckAnalysis.$anonfun$checkAnalysis0$2$adapted(CheckAnalysis.scala:363)\n\tat org.apache.spark.sql.catalyst.trees.TreeNode.foreachUp(TreeNode.scala:277)\n\tat org.apache.spark.sql.catalyst.analysis.CheckAnalysis.checkAnalysis0(CheckAnalysis.scala:363)\n\tat org.apache.spark.sql.catalyst.analysis.CheckAnalysis.checkAnalysis0$(CheckAnalysis.scala:330)\n\tat org.apache.spark.sql.catalyst.analysis.Analyzer.checkAnalysis0(Analyzer.scala:336)\n\tat org.apache.spark.sql.catalyst.analysis.CheckAnalysis.checkAnalysis(CheckAnalysis.scala:319)\n\tat org.apache.spark.sql.catalyst.analysis.CheckAnalysis.checkAnalysis$(CheckAnalysis.scala:306)\n\tat org.apache.spark.sql.catalyst.analysis.Analyzer.checkAnalysis(Analyzer.scala:336)\n\tat org.apache.spark.sql.catalyst.analysis.resolver.HybridAnalyzer.$anonfun$resolveInFixedPoint$1(HybridAnalyzer.scala:275)\n\tat scala.runtime.java8.JFunction0$mcV$sp.apply(JFunction0$mcV$sp.scala:18)\n\tat org.apache.spark.sql.catalyst.QueryPlanningTracker$.withTracker(QueryPlanningTracker.scala:89)\n\tat org.apache.spark.sql.catalyst.analysis.resolver.HybridAnalyzer.resolveInFixedPoint(HybridAnalyzer.scala:275)\n\tat org.apache.spark.sql.catalyst.analysis.resolver.HybridAnalyzer.$anonfun$apply$1(HybridAnalyzer.scala:82)\n\tat org.apache.spark.sql.catalyst.analysis.resolver.HybridAnalyzer.withTrackedAnalyzerBridgeState(HybridAnalyzer.scala:117)\n\tat org.apache.spark.sql.catalyst.analysis.resolver.HybridAnalyzer.apply(HybridAnalyzer.scala:75)\n\tat org.apache.spark.sql.catalyst.analysis.Analyzer.runAnalysis$1(Analyzer.scala:368)\n\tat org.apache.spark.sql.catalyst.analysis.Analyzer.$anonfun$executeAndCheck$2(Analyzer.scala:373)\n\tat org.apache.spark.sql.internal.SQLConf$.withExistingConf(SQLConf.scala:171)\n\tat org.apache.spark.sql.catalyst.analysis.Analyzer.runWithSessionConf(Analyzer.scala:400)\n\tat org.apache.spark.sql.catalyst.analysis.Analyzer.$anonfun$executeAndCheck$1(Analyzer.scala:373)\n\tat org.apache.spark.sql.catalyst.plans.logical.AnalysisHelper$.markInAnalyzer(AnalysisHelper.scala:423)\n\tat org.apache.spark.sql.catalyst.analysis.Analyzer.executeAndCheck(Analyzer.scala:373)\n\tat org.apache.spark.sql.execution.QueryExecution.$anonfun$lazyAnalyzed$2(QueryExecution.scala:200)\n\tat org.apache.spark.sql.catalyst.QueryPlanningTracker.measurePhase(QueryPlanningTracker.scala:148)\n\tat org.apache.spark.sql.execution.QueryExecution.$anonfun$executePhase$3(QueryExecution.scala:410)\n\tat org.apache.spark.sql.execution.QueryExecution.withQueryExecutionId(QueryExecution.scala:429)\n\tat org.apache.spark.sql.execution.QueryExecution.$anonfun$executePhase$2(QueryExecution.scala:410)\n\tat org.apache.spark.sql.execution.QueryExecution$.withInternalError(QueryExecution.scala:872)\n\tat org.apache.spark.sql.execution.QueryExecution.$anonfun$executePhase$1(QueryExecution.scala:409)\n\tat org.apache.spark.sql.SparkSession.withActive(SparkSession.scala:810)\n\tat org.apache.spark.sql.execution.QueryExecution.executePhase(QueryExecution.scala:408)\n\tat org.apache.spark.sql.execution.QueryExecution.$anonfun$lazyAnalyzed$1(QueryExecution.scala:200)\n\tat scala.util.Try$.apply(Try.scala:217)\n\tat org.apache.spark.util.Utils$.doTryWithCallerStacktrace(Utils.scala:1407)\n\tat org.apache.spark.util.Utils$.getTryWithCallerStacktrace(Utils.scala:1457)\n\tat org.apache.spark.util.LazyTry.get(LazyTry.scala:61)\n\tat org.apache.spark.sql.execution.QueryExecution.$anonfun$analyzed$1(QueryExecution.scala:212)\n\tat org.apache.spark.sql.execution.QueryExecution.withAbortTransactionOnFailure(QueryExecution.scala:632)\n\tat org.apache.spark.sql.execution.QueryExecution.analyzed(QueryExecution.scala:212)\n\tat org.apache.spark.sql.execution.QueryExecution.assertAnalyzed(QueryExecution.scala:151)\n\tat org.apache.spark.sql.classic.Dataset$.$anonfun$ofRows$1(Dataset.scala:114)\n\tat org.apache.spark.sql.SparkSession.withActive(SparkSession.scala:810)\n\tat org.apache.spark.sql.classic.Dataset$.ofRows(Dataset.scala:112)\n\tat org.apache.spark.sql.classic.Dataset.withPlan(Dataset.scala:2367)\n\tat org.apache.spark.sql.classic.Dataset.select(Dataset.scala:974)\n\tat java.base/jdk.internal.reflect.NativeMethodAccessorImpl.invoke0(Native Method)\n\tat java.base/jdk.internal.reflect.NativeMethodAccessorImpl.invoke(NativeMethodAccessorImpl.java:77)\n\tat java.base/jdk.internal.reflect.DelegatingMethodAccessorImpl.invoke(DelegatingMethodAccessorImpl.java:43)\n\tat java.base/java.lang.reflect.Method.invoke(Method.java:568)\n\tat py4j.reflection.MethodInvoker.invoke(MethodInvoker.java:244)\n\tat py4j.reflection.ReflectionEngine.invoke(ReflectionEngine.java:374)\n\tat py4j.Gateway.invoke(Gateway.java:282)\n\tat py4j.commands.AbstractCommand.invokeMethod(AbstractCommand.java:132)\n\tat py4j.commands.CallCommand.execute(CallCommand.java:79)\n\tat py4j.ClientServerConnection.waitForCommands(ClientServerConnection.java:184)\n\tat py4j.ClientServerConnection.run(ClientServerConnection.java:108)\n\tat java.base/java.lang.Thread.run(Thread.java:842)\n", "stacktrace": [{"class": null, "method": "deco", "file": "/share/spark/latest/python/pyspark/errors/exceptions/captured.py", "line": "251"}, {"class": null, "method": "get_return_value", "file": "/opt/conda/lib/python3.13/site-packages/py4j/protocol.py", "line": "327"}]}}
Traceback (most recent call last):
  File "<frozen runpy>", line 203, in _run_module_as_main
  File "<frozen runpy>", line 88, in _run_code
  File "/home/students/moliveira/paperMessages/src/run_infer_class.py", line 180, in <module>
    main()
    ~~~~^^
  File "/home/students/moliveira/paperMessages/src/run_infer_class.py", line 124, in main
    df = load_data(spark, INPUT_PATH, columns_ip)
  File "/home/students/moliveira/paperMessages/src/utils/data_loader.py", line 44, in load_data
    df = df.select(columns)
  File "/share/spark/latest/python/pyspark/sql/classic/dataframe.py", line 1101, in select
    jdf = self._jdf.select(self._jcols(*cols))
  File "/opt/conda/lib/python3.13/site-packages/py4j/java_gateway.py", line 1362, in __call__
    return_value = get_return_value(
        answer, self.gateway_client, self.target_id, self.name)
  File "/share/spark/latest/python/pyspark/errors/exceptions/captured.py", line 257, in deco
    raise converted from None
pyspark.errors.exceptions.captured.AnalysisException: [UNRESOLVED_COLUMN.WITH_SUGGESTION] A column, variable, or function parameter with name `clean_text` cannot be resolved. Did you mean one of the following? [`text`, `month`, `year`, `datetime`, `id`]. SQLSTATE: 42703;
'Project [id#0L, group_name#1, 'clean_text, datetime#3, year#5, month#6, political_category#4]
+- Relation [id#0L,group_name#1,text#2,datetime#3,political_category#4,year#5,month#6] parquet

