Carregando modelo treinado de /home/students/moliveira/paperMessages/reports/classifier_macrotopic_balanced_c/lr_all-distilroberta-v1_producao.joblib...
WARNING: Using incubator modules: jdk.incubator.vector
Using Spark's default log4j profile: org/apache/spark/log4j2-defaults.properties
Setting default log level to "WARN".
To adjust logging level use sc.setLogLevel(newLevel). For SparkR, use setLogLevel(newLevel).
/share/spark/latest/python/pyspark/testing/utils.py:127: FutureWarning: PySpark does not yet fully support pandas >= 3.0.0. Some features may not work correctly. It is recommended to use pandas < 3.0.0 for now.
  require_minimum_pandas_version()
26/09/10 00:36:52 WARN NativeCodeLoader: Unable to load native-hadoop library for your platform... using builtin-java classes where applicable
26/09/10 00:36:53 WARN Utils: Service 'SparkUI' could not bind on port 4040. Attempting port 4041.
26/09/10 00:36:53 WARN Utils: Service 'SparkUI' could not bind on port 4041. Attempting port 4042.
26/09/10 00:36:53 WARN Utils: Service 'SparkUI' could not bind on port 4042. Attempting port 4043.
26/09/10 00:36:53 WARN Utils: Service 'SparkUI' could not bind on port 4043. Attempting port 4044.
26/09/10 00:36:53 WARN Utils: Service 'SparkUI' could not bind on port 4044. Attempting port 4045.
26/09/10 00:36:53 WARN Utils: Service 'SparkUI' could not bind on port 4045. Attempting port 4046.
Carregando base de dados para inferência...
Lendo base de dados de: /home/students/moliveira/paperMessages/data/processed/messages_classifield
26/09/10 00:36:57 WARN FileStreamSink: Assume no metadata directory. Error while looking for metadata directory in the path: /home/students/moliveira/paperMessages/data/processed/messages_classifield.
java.io.FileNotFoundException: File /home/students/moliveira/paperMessages/data/processed/messages_classifield does not exist
	at org.apache.hadoop.fs.RawLocalFileSystem.deprecatedGetFileStatus(RawLocalFileSystem.java:980)
	at org.apache.hadoop.fs.RawLocalFileSystem.getFileLinkStatusInternal(RawLocalFileSystem.java:1301)
	at org.apache.hadoop.fs.RawLocalFileSystem.getFileStatus(RawLocalFileSystem.java:970)
	at org.apache.hadoop.fs.FilterFileSystem.getFileStatus(FilterFileSystem.java:462)
	at org.apache.spark.sql.execution.streaming.sinks.FileStreamSink$.hasMetadata(FileStreamSink.scala:58)
	at org.apache.spark.sql.execution.datasources.DataSource.resolveRelation(DataSource.scala:394)
	at org.apache.spark.sql.catalyst.analysis.ResolveDataSource.org$apache$spark$sql$catalyst$analysis$ResolveDataSource$$loadV1BatchSource(ResolveDataSource.scala:210)
	at org.apache.spark.sql.catalyst.analysis.ResolveDataSource$$anonfun$apply$1.$anonfun$applyOrElse$2(ResolveDataSource.scala:62)
	at scala.Option.getOrElse(Option.scala:201)
	at org.apache.spark.sql.catalyst.analysis.ResolveDataSource$$anonfun$apply$1.applyOrElse(ResolveDataSource.scala:62)
	at org.apache.spark.sql.catalyst.analysis.ResolveDataSource$$anonfun$apply$1.applyOrElse(ResolveDataSource.scala:46)
	at org.apache.spark.sql.catalyst.plans.logical.AnalysisHelper.$anonfun$resolveOperatorsUpWithPruning$3(AnalysisHelper.scala:139)
	at org.apache.spark.sql.catalyst.trees.CurrentOrigin$.withOrigin(origin.scala:107)
	at org.apache.spark.sql.catalyst.plans.logical.AnalysisHelper.$anonfun$resolveOperatorsUpWithPruning$1(AnalysisHelper.scala:139)
	at org.apache.spark.sql.catalyst.plans.logical.AnalysisHelper$.allowInvokingTransformsInAnalyzer(AnalysisHelper.scala:416)
	at org.apache.spark.sql.catalyst.plans.logical.AnalysisHelper.resolveOperatorsUpWithPruning(AnalysisHelper.scala:135)
	at org.apache.spark.sql.catalyst.plans.logical.AnalysisHelper.resolveOperatorsUpWithPruning$(AnalysisHelper.scala:131)
	at org.apache.spark.sql.catalyst.plans.logical.LogicalPlan.resolveOperatorsUpWithPruning(LogicalPlan.scala:37)
	at org.apache.spark.sql.catalyst.plans.logical.AnalysisHelper.resolveOperatorsUp(AnalysisHelper.scala:112)
	at org.apache.spark.sql.catalyst.plans.logical.AnalysisHelper.resolveOperatorsUp$(AnalysisHelper.scala:111)
	at org.apache.spark.sql.catalyst.plans.logical.LogicalPlan.resolveOperatorsUp(LogicalPlan.scala:37)
	at org.apache.spark.sql.catalyst.analysis.ResolveDataSource.apply(ResolveDataSource.scala:46)
	at org.apache.spark.sql.catalyst.analysis.ResolveDataSource.apply(ResolveDataSource.scala:44)
	at org.apache.spark.sql.catalyst.rules.RuleExecutor.$anonfun$execute$2(RuleExecutor.scala:248)
	at scala.collection.LinearSeqOps.foldLeft(LinearSeq.scala:183)
	at scala.collection.LinearSeqOps.foldLeft$(LinearSeq.scala:179)
	at scala.collection.immutable.List.foldLeft(List.scala:79)
	at org.apache.spark.sql.catalyst.rules.RuleExecutor.$anonfun$execute$1(RuleExecutor.scala:245)
	at org.apache.spark.sql.catalyst.rules.RuleExecutor.$anonfun$execute$1$adapted(RuleExecutor.scala:237)
	at scala.collection.immutable.List.foreach(List.scala:323)
	at org.apache.spark.sql.catalyst.rules.RuleExecutor.execute(RuleExecutor.scala:237)
	at org.apache.spark.sql.catalyst.analysis.Analyzer.super$execute(Analyzer.scala:438)
	at org.apache.spark.sql.catalyst.analysis.Analyzer.$anonfun$executeSameContext$1(Analyzer.scala:438)
	at org.apache.spark.sql.internal.SQLConf$.withExistingConf(SQLConf.scala:171)
	at org.apache.spark.sql.catalyst.analysis.Analyzer.runWithSessionConf(Analyzer.scala:400)
	at org.apache.spark.sql.catalyst.analysis.Analyzer.org$apache$spark$sql$catalyst$analysis$Analyzer$$executeSameContext(Analyzer.scala:438)
	at org.apache.spark.sql.catalyst.analysis.Analyzer.$anonfun$execute$1(Analyzer.scala:433)
	at org.apache.spark.sql.catalyst.analysis.AnalysisContext$.withNewAnalysisContext(Analyzer.scala:276)
	at org.apache.spark.sql.catalyst.analysis.Analyzer.execute(Analyzer.scala:433)
	at org.apache.spark.sql.catalyst.analysis.Analyzer.execute(Analyzer.scala:336)
	at org.apache.spark.sql.catalyst.rules.RuleExecutor.$anonfun$executeAndTrack$1(RuleExecutor.scala:207)
	at org.apache.spark.sql.catalyst.QueryPlanningTracker$.withTracker(QueryPlanningTracker.scala:89)
	at org.apache.spark.sql.catalyst.rules.RuleExecutor.executeAndTrack(RuleExecutor.scala:207)
	at org.apache.spark.sql.catalyst.analysis.resolver.HybridAnalyzer.resolveInFixedPoint(HybridAnalyzer.scala:273)
	at org.apache.spark.sql.catalyst.analysis.resolver.HybridAnalyzer.$anonfun$apply$1(HybridAnalyzer.scala:82)
	at org.apache.spark.sql.catalyst.analysis.resolver.HybridAnalyzer.withTrackedAnalyzerBridgeState(HybridAnalyzer.scala:117)
	at org.apache.spark.sql.catalyst.analysis.resolver.HybridAnalyzer.apply(HybridAnalyzer.scala:75)
	at org.apache.spark.sql.catalyst.analysis.Analyzer.runAnalysis$1(Analyzer.scala:368)
	at org.apache.spark.sql.catalyst.analysis.Analyzer.$anonfun$executeAndCheck$2(Analyzer.scala:373)
	at org.apache.spark.sql.internal.SQLConf$.withExistingConf(SQLConf.scala:171)
	at org.apache.spark.sql.catalyst.analysis.Analyzer.runWithSessionConf(Analyzer.scala:400)
	at org.apache.spark.sql.catalyst.analysis.Analyzer.$anonfun$executeAndCheck$1(Analyzer.scala:373)
	at org.apache.spark.sql.catalyst.plans.logical.AnalysisHelper$.markInAnalyzer(AnalysisHelper.scala:423)
	at org.apache.spark.sql.catalyst.analysis.Analyzer.executeAndCheck(Analyzer.scala:373)
	at org.apache.spark.sql.execution.QueryExecution.$anonfun$lazyAnalyzed$2(QueryExecution.scala:200)
	at org.apache.spark.sql.catalyst.QueryPlanningTracker.measurePhase(QueryPlanningTracker.scala:148)
	at org.apache.spark.sql.execution.QueryExecution.$anonfun$executePhase$3(QueryExecution.scala:410)
	at org.apache.spark.sql.execution.QueryExecution.withQueryExecutionId(QueryExecution.scala:429)
	at org.apache.spark.sql.execution.QueryExecution.$anonfun$executePhase$2(QueryExecution.scala:410)
	at org.apache.spark.sql.execution.QueryExecution$.withInternalError(QueryExecution.scala:872)
	at org.apache.spark.sql.execution.QueryExecution.$anonfun$executePhase$1(QueryExecution.scala:409)
	at org.apache.spark.sql.SparkSession.withActive(SparkSession.scala:810)
	at org.apache.spark.sql.execution.QueryExecution.executePhase(QueryExecution.scala:408)
	at org.apache.spark.sql.execution.QueryExecution.$anonfun$lazyAnalyzed$1(QueryExecution.scala:200)
	at scala.util.Try$.apply(Try.scala:217)
	at org.apache.spark.util.Utils$.doTryWithCallerStacktrace(Utils.scala:1407)
	at org.apache.spark.util.LazyTry.tryT$lzycompute(LazyTry.scala:46)
	at org.apache.spark.util.LazyTry.tryT(LazyTry.scala:46)
	at org.apache.spark.util.LazyTry.get(LazyTry.scala:61)
	at org.apache.spark.sql.execution.QueryExecution.$anonfun$analyzed$1(QueryExecution.scala:212)
	at org.apache.spark.sql.execution.QueryExecution.withAbortTransactionOnFailure(QueryExecution.scala:632)
	at org.apache.spark.sql.execution.QueryExecution.analyzed(QueryExecution.scala:212)
	at org.apache.spark.sql.execution.QueryExecution.assertAnalyzed(QueryExecution.scala:151)
	at org.apache.spark.sql.classic.Dataset$.$anonfun$ofRows$1(Dataset.scala:114)
	at org.apache.spark.sql.SparkSession.withActive(SparkSession.scala:810)
	at org.apache.spark.sql.classic.Dataset$.ofRows(Dataset.scala:112)
	at org.apache.spark.sql.classic.DataFrameReader.load(DataFrameReader.scala:109)
	at org.apache.spark.sql.classic.DataFrameReader.load(DataFrameReader.scala:58)
	at org.apache.spark.sql.DataFrameReader.parquet(DataFrameReader.scala:457)
	at org.apache.spark.sql.classic.DataFrameReader.parquet(DataFrameReader.scala:306)
	at org.apache.spark.sql.classic.DataFrameReader.parquet(DataFrameReader.scala:58)
	at java.base/jdk.internal.reflect.NativeMethodAccessorImpl.invoke0(Native Method)
	at java.base/jdk.internal.reflect.NativeMethodAccessorImpl.invoke(NativeMethodAccessorImpl.java:77)
	at java.base/jdk.internal.reflect.DelegatingMethodAccessorImpl.invoke(DelegatingMethodAccessorImpl.java:43)
	at java.base/java.lang.reflect.Method.invoke(Method.java:568)
	at py4j.reflection.MethodInvoker.invoke(MethodInvoker.java:244)
	at py4j.reflection.ReflectionEngine.invoke(ReflectionEngine.java:374)
	at py4j.Gateway.invoke(Gateway.java:282)
	at py4j.commands.AbstractCommand.invokeMethod(AbstractCommand.java:132)
	at py4j.commands.CallCommand.execute(CallCommand.java:79)
	at py4j.ClientServerConnection.waitForCommands(ClientServerConnection.java:184)
	at py4j.ClientServerConnection.run(ClientServerConnection.java:108)
	at java.base/java.lang.Thread.run(Thread.java:842)
Traceback (most recent call last):
  File "<frozen runpy>", line 203, in _run_module_as_main
  File "<frozen runpy>", line 88, in _run_code
  File "/home/students/moliveira/paperMessages/src/run_infer_class.py", line 180, in <module>
    main()
    ~~~~^^
  File "/home/students/moliveira/paperMessages/src/run_infer_class.py", line 124, in main
    df = load_data(spark, INPUT_PATH, columns_ip)
  File "/home/students/moliveira/paperMessages/src/utils/data_loader.py", line 41, in load_data
    df = spark.read.parquet(caminhos_texto)
  File "/share/spark/latest/python/pyspark/sql/readwriter.py", line 696, in parquet
    return self._df(self._jreader.parquet(_to_seq(self._spark._sc, paths)))
                    ~~~~~~~~~~~~~~~~~~~~~^^^^^^^^^^^^^^^^^^^^^^^^^^^^^^^^^
  File "/opt/conda/lib/python3.13/site-packages/py4j/java_gateway.py", line 1362, in __call__
    return_value = get_return_value(
        answer, self.gateway_client, self.target_id, self.name)
  File "/share/spark/latest/python/pyspark/errors/exceptions/captured.py", line 257, in deco
    raise converted from None
pyspark.errors.exceptions.captured.AnalysisException: [PATH_NOT_FOUND] Path does not exist: file:/home/students/moliveira/paperMessages/data/processed/messages_classifield. SQLSTATE: 42K03
