[2026-04-26 15:38:56] Ambiente Spark preparado!
[2026-04-26 15:38:56] Arquivos encontrados: 34106
[2026-04-26 15:38:56] Lotes totais: 1706
[2026-04-26 15:40:00] Lote 1 salvo com sucesso.
[2026-04-26 15:41:24] Lote 2 salvo com sucesso.
[2026-04-26 15:42:20] Lote 3 salvo com sucesso.
[2026-04-26 15:42:41] Lote 4 salvo com sucesso.
[2026-04-26 15:43:46] Lote 5 salvo com sucesso.
[2026-04-26 15:44:17] Lote 6 salvo com sucesso.
[2026-04-26 15:46:07] Lote 7 salvo com sucesso.
[2026-04-26 15:47:00] Lote 8 salvo com sucesso.
[2026-04-26 15:48:59] Lote 9 salvo com sucesso.
[2026-04-26 15:49:16] Lote 10 salvo com sucesso.
[2026-04-26 15:58:51] Lote 11 salvo com sucesso.
[2026-04-26 16:03:02] Lote 12 salvo com sucesso.
[2026-04-26 16:03:56] Lote 13 salvo com sucesso.
[2026-04-26 16:04:13] Lote 14 salvo com sucesso.
[2026-04-26 16:07:16] Lote 15 salvo com sucesso.
[2026-04-26 16:09:48] Lote 16 salvo com sucesso.
[2026-04-26 16:11:04] Lote 17 salvo com sucesso.
[2026-04-26 16:12:10] Lote 18 salvo com sucesso.
[2026-04-26 16:12:44] Lote 19 salvo com sucesso.
[2026-04-26 16:13:50] Lote 20 salvo com sucesso.
[2026-04-26 16:17:08] Lote 21 salvo com sucesso.
[2026-04-26 16:18:04] Lote 22 salvo com sucesso.
[2026-04-26 16:28:58] Lote 23 salvo com sucesso.
[2026-04-26 16:29:47] Lote 24 salvo com sucesso.
[2026-04-26 16:37:49] Lote 25 salvo com sucesso.
[2026-04-26 16:41:09] Lote 26 salvo com sucesso.
[2026-04-26 16:57:59] Lote 27 salvo com sucesso.
[2026-04-26 16:58:25] Lote 28 salvo com sucesso.
[2026-04-26 17:04:06] Lote 29 salvo com sucesso.
[2026-04-26 17:05:11] Lote 30 salvo com sucesso.
[2026-04-26 17:06:16] Lote 31 salvo com sucesso.
[2026-04-26 17:07:14] Lote 32 salvo com sucesso.
[2026-04-26 17:07:44] Lote 33 salvo com sucesso.
[2026-04-26 17:09:51] Lote 34 salvo com sucesso.
[2026-04-26 17:16:02] Lote 35 salvo com sucesso.
[2026-04-26 17:17:51] Lote 36 salvo com sucesso.
[2026-04-26 17:18:29] Lote 37 salvo com sucesso.
[2026-04-26 17:20:33] Lote 38 salvo com sucesso.
[2026-04-26 17:21:28] Lote 39 salvo com sucesso.
[2026-04-26 17:25:11] Lote 40 salvo com sucesso.
[2026-04-26 17:25:36] Lote 41 salvo com sucesso.
[2026-04-26 17:27:55] Lote 42 salvo com sucesso.
[2026-04-26 17:31:55] Lote 43 salvo com sucesso.
[2026-04-26 17:37:45] Lote 44 salvo com sucesso.
[2026-04-26 17:39:03] Lote 45 salvo com sucesso.
[2026-04-26 17:41:41] Lote 46 salvo com sucesso.
[2026-04-26 17:44:26] Lote 47 salvo com sucesso.
[2026-04-26 17:45:13] Lote 48 salvo com sucesso.
[2026-04-26 17:46:01] Lote 49 salvo com sucesso.
[2026-04-26 17:46:29] Lote 50 salvo com sucesso.
[2026-04-26 17:48:38] Lote 51 salvo com sucesso.
[2026-04-26 18:10:12] Lote 52 salvo com sucesso.
[2026-04-26 18:13:20] Lote 53 salvo com sucesso.
[2026-04-26 18:20:29] Lote 54 salvo com sucesso.
[2026-04-26 18:20:53] Lote 55 salvo com sucesso.
[2026-04-26 18:30:50] Lote 56 salvo com sucesso.
[2026-04-26 18:31:46] Lote 57 salvo com sucesso.
[2026-04-26 18:33:00] Lote 58 salvo com sucesso.
[2026-04-26 18:33:50] Lote 59 salvo com sucesso.
[2026-04-26 18:35:41] Lote 60 salvo com sucesso.
[2026-04-26 18:37:21] Lote 61 salvo com sucesso.
[2026-04-26 18:37:48] Lote 62 salvo com sucesso.
[2026-04-26 18:38:19] Lote 63 salvo com sucesso.
[2026-04-26 18:47:02] Lote 64 salvo com sucesso.
[2026-04-26 18:48:20] Lote 65 salvo com sucesso.
[2026-04-26 18:49:15] Lote 66 salvo com sucesso.
[2026-04-26 18:49:51] Lote 67 salvo com sucesso.
[2026-04-26 18:51:54] Lote 68 salvo com sucesso.
[2026-04-26 18:52:55] Lote 69 salvo com sucesso.
[2026-04-26 18:56:50] Lote 70 salvo com sucesso.
[2026-04-26 18:57:04] Lote 71 salvo com sucesso.
[2026-04-26 18:57:27] Lote 72 salvo com sucesso.
[2026-04-26 19:00:09] Lote 73 salvo com sucesso.
[2026-04-26 19:12:32] Lote 74 salvo com sucesso.
[2026-04-26 19:14:51] Lote 75 salvo com sucesso.
[2026-04-26 19:16:28] Lote 76 salvo com sucesso.
[2026-04-26 19:18:02] Lote 77 salvo com sucesso.
[2026-04-26 19:18:50] Lote 78 salvo com sucesso.
[2026-04-26 19:29:54] Lote 79 salvo com sucesso.
[2026-04-26 19:46:31] Lote 80 salvo com sucesso.
[2026-04-26 19:47:22] Lote 81 salvo com sucesso.
[2026-04-26 19:48:43] Lote 82 salvo com sucesso.
[2026-04-26 19:54:59] Lote 83 salvo com sucesso.
[2026-04-26 19:56:17] Lote 84 salvo com sucesso.
[2026-04-26 19:58:04] Lote 85 salvo com sucesso.
[2026-04-26 19:58:52] Lote 86 salvo com sucesso.
[2026-04-26 20:00:00] Lote 87 salvo com sucesso.
[2026-04-26 20:41:36] Lote 88 salvo com sucesso.
[2026-04-26 20:41:50] Lote 89 salvo com sucesso.
[2026-04-26 20:42:30] Lote 90 salvo com sucesso.
[2026-04-26 20:53:49] Lote 91 salvo com sucesso.
[2026-04-26 21:26:41] Lote 92 salvo com sucesso.
[2026-04-26 21:27:12] Lote 93 salvo com sucesso.
[2026-04-26 21:28:33] Lote 94 salvo com sucesso.
[2026-04-26 21:45:31] Lote 95 salvo com sucesso.
[2026-04-26 22:11:10] Lote 96 salvo com sucesso.
[2026-04-26 22:13:45] Lote 97 salvo com sucesso.
[2026-04-26 22:18:17] Lote 98 salvo com sucesso.
[2026-04-26 22:23:18] Lote 99 salvo com sucesso.
[2026-04-26 22:27:46] Lote 100 salvo com sucesso.
[2026-04-26 22:28:13] Lote 101 salvo com sucesso.
[2026-04-26 22:28:51] Lote 102 salvo com sucesso.
[2026-04-26 23:05:17] Lote 103 salvo com sucesso.
[2026-04-26 23:12:38] Lote 104 salvo com sucesso.
[2026-04-26 23:20:31] Lote 105 salvo com sucesso.
[2026-04-26 23:24:51] Lote 106 salvo com sucesso.
[2026-04-26 23:26:07] Lote 107 salvo com sucesso.
[2026-04-26 23:31:36] Lote 108 salvo com sucesso.
[2026-04-26 23:34:38] Lote 109 salvo com sucesso.
[2026-04-26 23:51:01] Lote 110 salvo com sucesso.
[2026-04-27 00:03:42] Lote 111 salvo com sucesso.
[2026-04-27 00:11:03] Lote 112 salvo com sucesso.
[2026-04-27 00:12:20] Lote 113 salvo com sucesso.
[2026-04-27 00:17:18] Lote 114 salvo com sucesso.
[2026-04-27 00:21:50] Lote 115 salvo com sucesso.
[2026-04-27 00:22:13] Lote 116 salvo com sucesso.
[2026-04-27 00:28:58] Lote 117 salvo com sucesso.
[2026-04-27 00:29:20] Lote 118 salvo com sucesso.
[2026-04-27 00:33:27] Lote 119 salvo com sucesso.
[2026-04-27 00:35:01] Lote 120 salvo com sucesso.
[2026-04-27 00:35:28] Lote 121 salvo com sucesso.
[2026-04-27 00:36:11] Lote 122 salvo com sucesso.
[2026-04-27 00:42:44] Lote 123 salvo com sucesso.
[2026-04-27 00:49:40] Lote 124 salvo com sucesso.
[2026-04-27 00:55:53] Lote 125 salvo com sucesso.
[2026-04-27 00:56:59] Lote 126 salvo com sucesso.
[2026-04-27 00:57:27] Lote 127 salvo com sucesso.
[2026-04-27 01:05:14] Lote 128 salvo com sucesso.
[2026-04-27 01:07:25] Lote 129 salvo com sucesso.
[2026-04-27 01:12:07] Lote 130 salvo com sucesso.
[2026-04-27 01:28:23] Lote 131 salvo com sucesso.
[2026-04-27 01:28:48] Lote 132 salvo com sucesso.
[2026-04-27 01:35:32] Lote 133 salvo com sucesso.
[2026-04-27 01:36:56] Lote 134 salvo com sucesso.
[2026-04-27 01:37:48] Lote 135 salvo com sucesso.
[2026-04-27 01:40:00] Lote 136 salvo com sucesso.
[2026-04-27 01:52:02] Lote 137 salvo com sucesso.
[2026-04-27 02:29:35] Lote 138 salvo com sucesso.
[2026-04-27 02:36:19] Lote 139 salvo com sucesso.
[2026-04-27 02:36:43] Lote 140 salvo com sucesso.
[2026-04-27 02:40:14] Lote 141 salvo com sucesso.
[2026-04-27 02:47:06] Lote 142 salvo com sucesso.
[2026-04-27 03:02:30] Lote 143 salvo com sucesso.
[2026-04-27 03:22:38] Lote 144 salvo com sucesso.
[2026-04-27 03:33:35] Lote 145 salvo com sucesso.
[2026-04-27 03:35:10] Lote 146 salvo com sucesso.
[2026-04-27 03:35:36] Lote 147 salvo com sucesso.
[2026-04-27 03:37:32] Lote 148 salvo com sucesso.
[2026-04-27 03:40:07] Lote 149 salvo com sucesso.
[2026-04-27 03:40:43] Lote 150 salvo com sucesso.
[2026-04-27 03:44:06] Lote 151 salvo com sucesso.
[2026-04-27 03:48:32] Lote 152 salvo com sucesso.
[2026-04-27 03:56:24] Lote 153 salvo com sucesso.
[2026-04-27 03:57:45] Lote 154 salvo com sucesso.
[2026-04-27 03:58:48] Lote 155 salvo com sucesso.
[2026-04-27 04:01:26] Lote 156 salvo com sucesso.
[2026-04-27 04:02:20] Lote 157 salvo com sucesso.
[2026-04-27 04:02:48] Lote 158 salvo com sucesso.
[2026-04-27 04:09:55] Lote 159 salvo com sucesso.
[2026-04-27 04:15:45] Lote 160 salvo com sucesso.
[2026-04-27 04:19:32] Lote 161 salvo com sucesso.
[2026-04-27 04:20:01] Lote 162 salvo com sucesso.
[2026-04-27 04:22:26] Lote 163 salvo com sucesso.
[2026-04-27 04:24:24] Lote 164 salvo com sucesso.
[2026-04-27 04:28:04] Lote 165 salvo com sucesso.
[2026-04-27 04:32:02] Lote 166 salvo com sucesso.
[2026-04-27 04:38:46] Lote 167 salvo com sucesso.
[2026-04-27 04:47:22] Lote 168 salvo com sucesso.
[2026-04-27 04:50:49] Lote 169 salvo com sucesso.
[2026-04-27 04:52:06] Lote 170 salvo com sucesso.
[2026-04-27 04:55:38] Lote 171 salvo com sucesso.
[2026-04-27 04:55:57] Lote 172 salvo com sucesso.
[2026-04-27 04:56:37] Lote 173 salvo com sucesso.
[2026-04-27 04:57:30] Lote 174 salvo com sucesso.
[2026-04-27 05:01:41] Lote 175 salvo com sucesso.
[2026-04-27 05:02:46] Lote 176 salvo com sucesso.
[2026-04-27 05:09:47] Lote 177 salvo com sucesso.
[2026-04-27 05:11:39] Lote 178 salvo com sucesso.
[2026-04-27 05:13:31] Lote 179 salvo com sucesso.
[2026-04-27 05:14:42] Lote 180 salvo com sucesso.
[2026-04-27 05:17:57] Lote 181 salvo com sucesso.
[2026-04-27 05:18:18] Lote 182 salvo com sucesso.
[2026-04-27 05:19:34] Lote 183 salvo com sucesso.
[2026-04-27 05:30:37] Lote 184 salvo com sucesso.
[2026-04-27 05:31:48] Lote 185 salvo com sucesso.
[2026-04-27 05:33:35] Lote 186 salvo com sucesso.
[2026-04-27 05:34:56] Lote 187 salvo com sucesso.
[2026-04-27 05:40:25] Lote 188 salvo com sucesso.
[2026-04-27 05:47:22] Lote 189 salvo com sucesso.
[2026-04-27 05:50:24] Lote 190 salvo com sucesso.
[2026-04-27 05:52:11] Lote 191 salvo com sucesso.
[2026-04-27 05:54:20] Lote 192 salvo com sucesso.
[2026-04-27 05:59:04] Lote 193 salvo com sucesso.
[2026-04-27 06:01:19] Lote 194 salvo com sucesso.
[2026-04-27 06:03:02] Lote 195 salvo com sucesso.
[2026-04-27 06:03:14] Lote 196 salvo com sucesso.
[2026-04-27 06:06:11] Lote 197 salvo com sucesso.
[2026-04-27 06:13:09] Lote 198 salvo com sucesso.
[2026-04-27 06:13:48] Lote 199 salvo com sucesso.
[2026-04-27 06:14:29] Lote 200 salvo com sucesso.
[2026-04-27 06:15:17] Lote 201 salvo com sucesso.
[2026-04-27 06:16:10] Lote 202 salvo com sucesso.
[2026-04-27 06:18:31] Lote 203 salvo com sucesso.
[2026-04-27 06:40:12] Lote 204 salvo com sucesso.
[2026-04-27 06:41:36] Lote 205 salvo com sucesso.
[2026-04-27 06:45:14] Lote 206 salvo com sucesso.
[2026-04-27 07:01:25] Lote 207 salvo com sucesso.
[2026-04-27 07:08:34] Lote 208 salvo com sucesso.
[2026-04-27 07:09:38] Lote 209 salvo com sucesso.
[2026-04-27 07:17:58] Lote 210 salvo com sucesso.
[2026-04-27 07:20:02] Lote 211 salvo com sucesso.
[2026-04-27 07:30:01] Lote 212 salvo com sucesso.
[2026-04-27 07:32:38] Lote 213 salvo com sucesso.
[2026-04-27 07:38:17] Lote 214 salvo com sucesso.
[2026-04-27 07:38:33] Lote 215 salvo com sucesso.
[2026-04-27 07:43:13] Lote 216 salvo com sucesso.
[2026-04-27 07:49:59] Lote 217 salvo com sucesso.
[2026-04-27 07:50:49] Lote 218 salvo com sucesso.
[2026-04-27 07:57:52] Lote 219 salvo com sucesso.
[2026-04-27 07:59:47] Lote 220 salvo com sucesso.
[2026-04-27 08:14:02] Lote 221 salvo com sucesso.
[2026-04-27 08:17:11] Lote 222 salvo com sucesso.
[2026-04-27 08:26:22] Lote 223 salvo com sucesso.
[2026-04-27 08:33:53] Lote 224 salvo com sucesso.
[2026-04-27 08:34:22] Lote 225 salvo com sucesso.
[2026-04-27 08:44:25] Lote 226 salvo com sucesso.
[2026-04-27 08:50:55] Lote 227 salvo com sucesso.
[2026-04-27 09:20:32] Lote 228 salvo com sucesso.
[2026-04-27 09:33:50] Lote 229 salvo com sucesso.
[2026-04-27 09:35:21] Lote 230 salvo com sucesso.
[2026-04-27 09:37:31] Lote 231 salvo com sucesso.
[2026-04-27 09:45:41] Lote 232 salvo com sucesso.
[2026-04-27 09:51:37] Lote 233 salvo com sucesso.
[2026-04-27 09:53:21] Lote 234 salvo com sucesso.
[2026-04-27 09:53:43] Lote 235 salvo com sucesso.
[2026-04-27 10:02:07] Lote 236 salvo com sucesso.
[2026-04-27 10:03:09] Lote 237 salvo com sucesso.
[2026-04-27 10:06:55] Lote 238 salvo com sucesso.
[2026-04-27 10:08:18] Lote 239 salvo com sucesso.
[2026-04-27 10:13:44] Lote 240 salvo com sucesso.
[2026-04-27 10:21:13] Lote 241 salvo com sucesso.
[2026-04-27 10:24:38] Lote 242 salvo com sucesso.
[2026-04-27 10:25:10] Lote 243 salvo com sucesso.
[2026-04-27 10:28:08] Lote 244 salvo com sucesso.
[2026-04-27 10:43:56] Lote 245 salvo com sucesso.
[2026-04-27 10:56:58] Lote 246 salvo com sucesso.
[2026-04-27 11:01:08] Lote 247 salvo com sucesso.
[2026-04-27 11:03:19] Lote 248 salvo com sucesso.
[2026-04-27 11:03:57] Lote 249 salvo com sucesso.
[2026-04-27 11:16:07] Lote 250 salvo com sucesso.
[2026-04-27 11:16:42] Lote 251 salvo com sucesso.
[2026-04-27 11:25:12] Lote 252 salvo com sucesso.
[2026-04-27 11:26:14] Lote 253 salvo com sucesso.
[2026-04-27 11:28:19] Lote 254 salvo com sucesso.
[2026-04-27 11:42:27] Lote 255 salvo com sucesso.
[2026-04-27 11:52:49] Lote 256 salvo com sucesso.
[2026-04-27 11:57:50] Lote 257 salvo com sucesso.
[2026-04-27 12:06:14] Lote 258 salvo com sucesso.
[2026-04-27 12:09:04] Lote 259 salvo com sucesso.
[2026-04-27 12:35:45] Lote 260 salvo com sucesso.
[2026-04-27 12:39:58] Lote 261 salvo com sucesso.
[2026-04-27 12:41:24] Lote 262 salvo com sucesso.
[2026-04-27 12:45:26] Lote 263 salvo com sucesso.
[2026-04-27 12:52:22] Lote 264 salvo com sucesso.
[2026-04-27 13:02:46] Lote 265 salvo com sucesso.
[2026-04-27 13:05:19] Lote 266 salvo com sucesso.
[2026-04-27 13:05:48] Lote 267 salvo com sucesso.
[2026-04-27 13:09:20] Lote 268 salvo com sucesso.
[2026-04-27 13:13:56] Lote 269 salvo com sucesso.
[2026-04-27 13:14:56] Lote 270 salvo com sucesso.
[2026-04-27 13:18:26] Lote 271 salvo com sucesso.
[2026-04-27 13:26:56] Lote 272 salvo com sucesso.
[2026-04-27 13:28:48] Lote 273 salvo com sucesso.
[2026-04-27 13:39:44] Lote 274 salvo com sucesso.
[2026-04-27 13:45:31] Lote 275 salvo com sucesso.
[2026-04-27 13:47:49] Lote 276 salvo com sucesso.
[2026-04-27 13:50:02] Lote 277 salvo com sucesso.
[2026-04-27 13:59:59] Lote 278 salvo com sucesso.
[2026-04-27 14:01:24] Lote 279 salvo com sucesso.
[2026-04-27 14:16:22] Lote 280 salvo com sucesso.
[2026-04-27 14:17:08] Lote 281 salvo com sucesso.
[2026-04-27 14:18:01] Lote 282 salvo com sucesso.
[2026-04-27 14:37:55] Lote 283 salvo com sucesso.
[2026-04-27 14:38:42] Lote 284 salvo com sucesso.
[2026-04-27 14:40:33] Lote 285 salvo com sucesso.
[2026-04-27 14:41:31] Lote 286 salvo com sucesso.
[2026-04-27 14:42:05] Lote 287 salvo com sucesso.
[2026-04-27 14:42:52] Lote 288 salvo com sucesso.
[2026-04-27 14:44:20] Lote 289 salvo com sucesso.
[2026-04-27 14:44:41] Lote 290 salvo com sucesso.
[2026-04-27 14:45:04] Lote 291 salvo com sucesso.
[2026-04-27 14:47:50] Lote 292 salvo com sucesso.
[2026-04-27 14:50:50] Lote 293 salvo com sucesso.
[2026-04-27 15:37:59] Lote 294 salvo com sucesso.
[2026-04-27 15:38:31] Lote 295 salvo com sucesso.
[2026-04-27 15:39:43] Lote 296 salvo com sucesso.
[2026-04-27 15:40:22] Lote 297 salvo com sucesso.
[2026-04-27 15:42:07] Lote 298 salvo com sucesso.
[2026-04-27 15:44:06] Lote 299 salvo com sucesso.
[2026-04-27 15:45:47] Lote 300 salvo com sucesso.
[2026-04-27 15:52:50] Lote 301 salvo com sucesso.
[2026-04-27 15:53:20] Lote 302 salvo com sucesso.
[2026-04-27 16:05:39] Lote 303 salvo com sucesso.
[2026-04-27 16:08:34] Lote 304 salvo com sucesso.
[2026-04-27 16:10:47] Lote 305 salvo com sucesso.
[2026-04-27 16:11:57] Lote 306 salvo com sucesso.
[2026-04-27 16:13:12] Lote 307 salvo com sucesso.
[2026-04-27 16:14:21] Lote 308 salvo com sucesso.
[2026-04-27 16:19:48] Lote 309 salvo com sucesso.
[2026-04-27 16:29:18] Lote 310 salvo com sucesso.
[2026-04-27 16:29:49] Lote 311 salvo com sucesso.
[2026-04-27 16:55:02] Lote 312 salvo com sucesso.
[2026-04-27 17:00:27] Lote 313 salvo com sucesso.
[2026-04-27 17:02:39] Lote 314 salvo com sucesso.
[2026-04-27 17:35:38] Lote 315 salvo com sucesso.
[2026-04-27 17:37:49] Lote 316 salvo com sucesso.
[2026-04-27 17:40:29] Lote 317 salvo com sucesso.
[2026-04-27 17:40:53] Lote 318 salvo com sucesso.
[2026-04-27 17:41:29] Lote 319 salvo com sucesso.
[2026-04-27 17:41:51] Lote 320 salvo com sucesso.
[2026-04-27 17:48:23] Lote 321 salvo com sucesso.
[2026-04-27 17:51:58] Lote 322 salvo com sucesso.
[2026-04-27 17:52:21] Lote 323 salvo com sucesso.
[2026-04-27 17:57:35] Lote 324 salvo com sucesso.
[2026-04-27 17:59:28] Lote 325 salvo com sucesso.
[2026-04-27 18:00:16] Lote 326 salvo com sucesso.
[2026-04-27 18:01:37] Lote 327 salvo com sucesso.
[2026-04-27 18:03:16] Lote 328 salvo com sucesso.
[2026-04-27 18:12:15] Lote 329 salvo com sucesso.
[2026-04-27 18:26:19] Lote 330 salvo com sucesso.
[2026-04-27 18:40:05] Lote 331 salvo com sucesso.
[2026-04-27 18:55:53] Lote 332 salvo com sucesso.
[2026-04-27 18:59:31] Lote 333 salvo com sucesso.
[2026-04-27 19:02:08] Lote 334 salvo com sucesso.
[2026-04-27 19:02:29] Lote 335 salvo com sucesso.
[2026-04-27 19:03:27] Lote 336 salvo com sucesso.
[2026-04-27 19:04:50] Lote 337 salvo com sucesso.
[2026-04-27 19:09:17] Lote 338 salvo com sucesso.
[2026-04-27 19:15:31] Lote 339 salvo com sucesso.
[2026-04-27 19:24:42] Lote 340 salvo com sucesso.
[2026-04-27 19:32:16] Lote 341 salvo com sucesso.
[2026-04-27 19:38:40] Lote 342 salvo com sucesso.
[2026-04-27 19:39:59] Lote 343 salvo com sucesso.
[2026-04-27 19:47:55] Lote 344 salvo com sucesso.
[2026-04-27 19:48:44] Lote 345 salvo com sucesso.
[2026-04-27 20:18:32] Lote 346 salvo com sucesso.
[2026-04-27 20:19:33] Lote 347 salvo com sucesso.
[2026-04-27 20:20:19] Lote 348 salvo com sucesso.
[2026-04-27 20:21:15] Lote 349 salvo com sucesso.
[2026-04-27 20:34:21] Lote 350 salvo com sucesso.
[2026-04-27 20:34:56] Lote 351 salvo com sucesso.
[2026-04-27 20:58:45] Lote 352 salvo com sucesso.
[2026-04-27 21:07:25] Lote 353 salvo com sucesso.
[2026-04-27 21:11:46] Lote 354 salvo com sucesso.
[2026-04-27 21:20:40] Lote 355 salvo com sucesso.
[2026-04-27 21:23:22] Lote 356 salvo com sucesso.
[2026-04-27 21:26:52] Lote 357 salvo com sucesso.
[2026-04-27 21:30:14] Lote 358 salvo com sucesso.
[2026-04-27 21:36:35] Lote 359 salvo com sucesso.
[2026-04-27 21:38:38] Lote 360 salvo com sucesso.
[2026-04-27 21:39:26] Lote 361 salvo com sucesso.
[2026-04-27 21:40:25] Lote 362 salvo com sucesso.
[2026-04-27 21:45:23] Lote 363 salvo com sucesso.
[2026-04-27 21:49:13] Lote 364 salvo com sucesso.
[2026-04-27 21:52:24] Lote 365 salvo com sucesso.
[2026-04-27 22:04:01] Lote 366 salvo com sucesso.
[2026-04-27 22:04:31] Lote 367 salvo com sucesso.
[2026-04-27 22:05:55] Lote 368 salvo com sucesso.
[2026-04-27 22:10:40] Lote 369 salvo com sucesso.
[2026-04-27 22:14:15] Lote 370 salvo com sucesso.
[2026-04-27 22:16:11] Lote 371 salvo com sucesso.
[2026-04-27 22:18:16] Lote 372 salvo com sucesso.
[2026-04-27 22:19:01] Lote 373 salvo com sucesso.
[2026-04-27 22:22:57] Lote 374 salvo com sucesso.
[2026-04-27 22:23:46] Lote 375 salvo com sucesso.
[2026-04-27 22:26:47] Lote 376 salvo com sucesso.
[2026-04-27 22:27:07] Lote 377 salvo com sucesso.
[2026-04-27 22:29:16] Lote 378 salvo com sucesso.
[2026-04-27 22:30:55] Lote 379 salvo com sucesso.
[2026-04-27 22:32:06] Lote 380 salvo com sucesso.
[2026-04-27 22:40:58] Lote 381 salvo com sucesso.
[2026-04-27 22:45:15] Lote 382 salvo com sucesso.
[2026-04-27 22:53:50] Lote 383 salvo com sucesso.
[2026-04-27 22:55:27] Lote 384 salvo com sucesso.
[2026-04-27 22:58:34] Lote 385 salvo com sucesso.
[2026-04-27 23:02:00] Lote 386 salvo com sucesso.
[2026-04-27 23:12:19] Lote 387 salvo com sucesso.
[2026-04-27 23:26:18] Lote 388 salvo com sucesso.
[2026-04-27 23:27:15] Lote 389 salvo com sucesso.
[2026-04-27 23:30:45] Lote 390 salvo com sucesso.
[2026-04-27 23:35:55] Lote 391 salvo com sucesso.
[2026-04-27 23:37:15] Lote 392 salvo com sucesso.
[2026-04-27 23:37:44] Lote 393 salvo com sucesso.
[2026-04-28 00:13:12] Lote 394 salvo com sucesso.
[2026-04-28 00:13:41] Lote 395 salvo com sucesso.
[2026-04-28 00:14:45] Lote 396 salvo com sucesso.
[2026-04-28 00:21:13] Lote 397 salvo com sucesso.
[2026-04-28 00:32:59] Lote 398 salvo com sucesso.
[2026-04-28 00:35:31] Lote 399 salvo com sucesso.
[2026-04-28 00:41:34] Lote 400 salvo com sucesso.
[2026-04-28 00:43:48] Lote 401 salvo com sucesso.
[2026-04-28 00:45:15] Lote 402 salvo com sucesso.
[2026-04-28 00:48:40] Lote 403 salvo com sucesso.
[2026-04-28 00:51:51] Lote 404 salvo com sucesso.
[2026-04-28 00:52:38] Lote 405 salvo com sucesso.
[2026-04-28 01:01:22] Lote 406 salvo com sucesso.
[2026-04-28 01:12:34] Lote 407 salvo com sucesso.
[2026-04-28 01:18:20] Lote 408 salvo com sucesso.
[2026-04-28 01:32:53] Lote 409 salvo com sucesso.
[2026-04-28 01:33:49] Lote 410 salvo com sucesso.
[2026-04-28 01:41:07] Lote 411 salvo com sucesso.
[2026-04-28 01:45:01] Lote 412 salvo com sucesso.
[2026-04-28 01:46:30] Lote 413 salvo com sucesso.
[2026-04-28 01:50:23] Lote 414 salvo com sucesso.
[2026-04-28 01:51:16] Lote 415 salvo com sucesso.
[2026-04-28 01:55:07] Lote 416 salvo com sucesso.
[2026-04-28 02:00:58] Lote 417 salvo com sucesso.
[2026-04-28 02:08:00] Lote 418 salvo com sucesso.
[2026-04-28 02:16:31] Lote 419 salvo com sucesso.
[2026-04-28 02:16:54] Lote 420 salvo com sucesso.
[2026-04-28 02:19:29] Lote 421 salvo com sucesso.
[2026-04-28 02:29:47] Lote 422 salvo com sucesso.
[2026-04-28 03:00:15] Lote 423 salvo com sucesso.
[2026-04-28 03:05:10] Lote 424 salvo com sucesso.
[2026-04-28 03:08:29] Lote 425 salvo com sucesso.
[2026-04-28 03:10:46] Lote 426 salvo com sucesso.
[2026-04-28 03:16:32] Lote 427 salvo com sucesso.
[2026-04-28 03:16:44] Lote 428 salvo com sucesso.
[2026-04-28 03:28:24] Lote 429 salvo com sucesso.
[2026-04-28 03:29:25] Lote 430 salvo com sucesso.
[2026-04-28 03:29:50] Lote 431 salvo com sucesso.
[2026-04-28 03:34:24] Lote 432 salvo com sucesso.
[2026-04-28 03:51:24] Lote 433 salvo com sucesso.
[2026-04-28 03:53:07] Lote 434 salvo com sucesso.
[2026-04-28 03:56:23] Lote 435 salvo com sucesso.
[2026-04-28 03:56:41] Lote 436 salvo com sucesso.
[2026-04-28 04:04:30] Lote 437 salvo com sucesso.
[2026-04-28 04:09:37] Lote 438 salvo com sucesso.
[2026-04-28 04:28:03] Lote 439 salvo com sucesso.
[2026-04-28 04:37:21] Lote 440 salvo com sucesso.
[2026-04-28 04:38:14] Lote 441 salvo com sucesso.
[2026-04-28 04:43:15] Lote 442 salvo com sucesso.
[2026-04-28 04:44:16] Lote 443 salvo com sucesso.
[2026-04-28 04:45:31] Lote 444 salvo com sucesso.
[2026-04-28 04:52:08] Lote 445 salvo com sucesso.
[2026-04-28 04:53:42] Lote 446 salvo com sucesso.
[2026-04-28 05:04:39] Lote 447 salvo com sucesso.
[2026-04-28 05:13:27] Lote 448 salvo com sucesso.
[2026-04-28 05:17:33] Lote 449 salvo com sucesso.
[2026-04-28 05:20:03] Lote 450 salvo com sucesso.
[2026-04-28 05:36:03] Lote 451 salvo com sucesso.
[2026-04-28 05:38:10] Lote 452 salvo com sucesso.
[2026-04-28 05:38:29] Lote 453 salvo com sucesso.
[2026-04-28 05:39:16] Lote 454 salvo com sucesso.
[2026-04-28 05:41:22] Lote 455 salvo com sucesso.
[2026-04-28 05:43:03] Lote 456 salvo com sucesso.
[2026-04-28 05:46:25] Lote 457 salvo com sucesso.
[2026-04-28 05:46:54] Lote 458 salvo com sucesso.
[2026-04-28 05:52:26] Lote 459 salvo com sucesso.
[2026-04-28 05:58:03] Lote 460 salvo com sucesso.
[2026-04-28 06:09:43] Lote 461 salvo com sucesso.
[2026-04-28 06:10:27] Lote 462 salvo com sucesso.
[2026-04-28 06:10:42] Lote 463 salvo com sucesso.
[2026-04-28 06:18:08] Lote 464 salvo com sucesso.
[2026-04-28 06:18:50] Lote 465 salvo com sucesso.
[2026-04-28 06:25:40] Lote 466 salvo com sucesso.
[2026-04-28 06:33:12] Lote 467 salvo com sucesso.
[2026-04-28 06:34:30] Lote 468 salvo com sucesso.
[2026-04-28 06:50:43] Lote 469 salvo com sucesso.
[2026-04-28 06:51:58] Lote 470 salvo com sucesso.
[2026-04-28 07:22:35] Lote 471 salvo com sucesso.
[2026-04-28 07:31:27] Lote 472 salvo com sucesso.
[2026-04-28 07:34:52] Lote 473 salvo com sucesso.
[2026-04-28 07:37:21] Lote 474 salvo com sucesso.
[2026-04-28 07:40:54] Lote 475 salvo com sucesso.
[2026-04-28 07:41:14] Lote 476 salvo com sucesso.
[2026-04-28 08:05:03] Lote 477 salvo com sucesso.
[2026-04-28 08:08:04] Lote 478 salvo com sucesso.
[2026-04-28 08:27:52] Lote 479 salvo com sucesso.
[2026-04-28 08:32:17] Lote 480 salvo com sucesso.
[2026-04-28 08:39:54] Lote 481 salvo com sucesso.
[2026-04-28 08:45:24] Lote 482 salvo com sucesso.
[2026-04-28 08:57:01] Lote 483 salvo com sucesso.
[2026-04-28 08:57:40] Lote 484 salvo com sucesso.
[2026-04-28 09:25:49] Lote 485 salvo com sucesso.
[2026-04-28 09:36:01] Lote 486 salvo com sucesso.
[2026-04-28 09:38:41] Lote 487 salvo com sucesso.
[2026-04-28 09:39:01] Lote 488 salvo com sucesso.
[2026-04-28 09:53:22] Lote 489 salvo com sucesso.
[2026-04-28 09:56:03] Lote 490 salvo com sucesso.
[2026-04-28 09:57:26] Lote 491 salvo com sucesso.
[2026-04-28 09:57:53] Lote 492 salvo com sucesso.
[2026-04-28 09:58:54] Lote 493 salvo com sucesso.
[2026-04-28 10:07:21] Lote 494 salvo com sucesso.
[2026-04-28 10:09:32] Lote 495 salvo com sucesso.
[2026-04-28 10:09:48] Lote 496 salvo com sucesso.
[2026-04-28 10:12:33] Lote 497 salvo com sucesso.
[2026-04-28 10:16:29] Lote 498 salvo com sucesso.
[2026-04-28 10:17:17] Lote 499 salvo com sucesso.
[2026-04-28 10:17:40] Lote 500 salvo com sucesso.
[2026-04-28 10:18:08] Lote 501 salvo com sucesso.
[2026-04-28 10:20:24] Lote 502 salvo com sucesso.
[2026-04-28 10:20:48] Lote 503 salvo com sucesso.
[2026-04-28 10:20:55] Lote 504 salvo com sucesso.
[2026-04-28 10:22:04] Lote 505 salvo com sucesso.
[2026-04-28 10:23:41] Lote 506 salvo com sucesso.
[2026-04-28 10:35:46] Lote 507 salvo com sucesso.
[2026-04-28 10:44:40] Lote 508 salvo com sucesso.
[2026-04-28 10:46:08] Lote 509 salvo com sucesso.
[2026-04-28 10:46:37] Lote 510 salvo com sucesso.
[2026-04-28 10:47:28] Lote 511 salvo com sucesso.
[2026-04-28 10:51:08] Lote 512 salvo com sucesso.
[2026-04-28 11:06:39] Lote 513 salvo com sucesso.
[2026-04-28 11:07:52] Lote 514 salvo com sucesso.
[2026-04-28 11:08:28] Lote 515 salvo com sucesso.
[2026-04-28 11:09:55] Lote 516 salvo com sucesso.
[2026-04-28 11:20:10] Lote 517 salvo com sucesso.
[2026-04-28 11:43:04] Lote 518 salvo com sucesso.
[2026-04-28 11:43:28] Lote 519 salvo com sucesso.
[2026-04-28 11:47:27] Lote 520 salvo com sucesso.
[2026-04-28 11:48:01] Lote 521 salvo com sucesso.
[2026-04-28 11:49:33] Lote 522 salvo com sucesso.
[2026-04-28 12:11:01] Lote 523 salvo com sucesso.
[2026-04-28 12:12:47] Lote 524 salvo com sucesso.
[2026-04-28 12:15:15] Lote 525 salvo com sucesso.
[2026-04-28 12:15:31] Lote 526 salvo com sucesso.
[2026-04-28 12:16:37] Lote 527 salvo com sucesso.
[2026-04-28 12:23:14] Lote 528 salvo com sucesso.
[2026-04-28 12:23:59] Lote 529 salvo com sucesso.
[2026-04-28 12:25:35] Lote 530 salvo com sucesso.
[2026-04-28 12:26:33] Lote 531 salvo com sucesso.
[2026-04-28 12:26:51] Lote 532 salvo com sucesso.
[2026-04-28 12:27:33] Lote 533 salvo com sucesso.
[2026-04-28 12:28:17] Lote 534 salvo com sucesso.
[2026-04-28 12:29:53] Lote 535 salvo com sucesso.
[2026-04-28 12:47:53] Lote 536 salvo com sucesso.
[2026-04-28 12:54:47] Lote 537 salvo com sucesso.
[2026-04-28 12:55:52] Lote 538 salvo com sucesso.
[2026-04-28 12:56:10] Lote 539 salvo com sucesso.
[2026-04-28 12:58:41] Lote 540 salvo com sucesso.
[2026-04-28 12:59:53] Lote 541 salvo com sucesso.
[2026-04-28 13:00:21] Lote 542 salvo com sucesso.
[2026-04-28 13:01:18] Lote 543 salvo com sucesso.
[2026-04-28 13:03:18] Lote 544 salvo com sucesso.
[2026-04-28 13:04:01] Lote 545 salvo com sucesso.
[2026-04-28 13:05:55] Lote 546 salvo com sucesso.
[2026-04-28 13:15:50] Lote 547 salvo com sucesso.
[2026-04-28 13:20:16] Lote 548 salvo com sucesso.
[2026-04-28 13:22:42] Lote 549 salvo com sucesso.
[2026-04-28 13:24:38] Lote 550 salvo com sucesso.
[2026-04-28 13:27:09] Lote 551 salvo com sucesso.
[2026-04-28 13:33:23] Lote 552 salvo com sucesso.
[2026-04-28 13:33:59] Lote 553 salvo com sucesso.
[2026-04-28 13:36:10] Lote 554 salvo com sucesso.
[2026-04-28 13:41:08] Lote 555 salvo com sucesso.
[2026-04-28 13:42:34] Lote 556 salvo com sucesso.
[2026-04-28 13:46:11] Lote 557 salvo com sucesso.
[2026-04-28 13:50:59] Lote 558 salvo com sucesso.
[2026-04-28 13:51:46] Lote 559 salvo com sucesso.
[2026-04-28 13:53:55] Lote 560 salvo com sucesso.
[2026-04-28 13:54:34] Lote 561 salvo com sucesso.
[2026-04-28 14:01:51] Lote 562 salvo com sucesso.
[2026-04-28 14:08:02] Lote 563 salvo com sucesso.
[2026-04-28 14:18:49] Lote 564 salvo com sucesso.
[2026-04-28 14:27:04] Lote 565 salvo com sucesso.
[2026-04-28 14:31:54] Lote 566 salvo com sucesso.
[2026-04-28 14:35:14] Lote 567 salvo com sucesso.
[2026-04-28 14:44:22] Lote 568 salvo com sucesso.
[2026-04-28 14:45:07] Lote 569 salvo com sucesso.
[2026-04-28 14:53:00] Lote 570 salvo com sucesso.
[2026-04-28 14:55:53] Lote 571 salvo com sucesso.
[2026-04-28 14:59:38] Lote 572 salvo com sucesso.
[2026-04-28 15:00:01] Lote 573 salvo com sucesso.
[2026-04-28 15:02:39] Lote 574 salvo com sucesso.
[2026-04-28 15:09:02] Lote 575 salvo com sucesso.
[2026-04-28 15:13:43] Lote 576 salvo com sucesso.
[2026-04-28 15:14:36] Lote 577 salvo com sucesso.
[2026-04-28 15:20:20] Lote 578 salvo com sucesso.
[2026-04-28 15:24:44] Lote 579 salvo com sucesso.
[2026-04-28 15:26:48] Lote 580 salvo com sucesso.
[2026-04-28 15:27:24] Lote 581 salvo com sucesso.
[2026-04-28 15:28:42] Lote 582 salvo com sucesso.
[2026-04-28 15:37:13] Lote 583 salvo com sucesso.
[2026-04-28 15:38:53] Lote 584 salvo com sucesso.
[2026-04-28 15:39:48] Lote 585 salvo com sucesso.
[2026-04-28 15:44:11] Lote 586 salvo com sucesso.
[2026-04-28 15:54:01] Lote 587 salvo com sucesso.
[2026-04-28 16:01:17] Lote 588 salvo com sucesso.
[2026-04-28 16:35:05] Lote 589 salvo com sucesso.
[2026-04-28 16:43:33] Lote 590 salvo com sucesso.
[2026-04-28 16:48:32] Lote 591 salvo com sucesso.
[2026-04-28 17:33:01] Lote 592 salvo com sucesso.
[2026-04-28 17:34:12] Lote 593 salvo com sucesso.
[2026-04-28 17:36:35] Lote 594 salvo com sucesso.
[2026-04-28 17:38:40] Lote 595 salvo com sucesso.
[2026-04-28 17:39:13] Lote 596 salvo com sucesso.
[2026-04-28 17:54:46] Lote 597 salvo com sucesso.
[2026-04-28 17:56:23] Lote 598 salvo com sucesso.
[2026-04-28 18:00:19] Lote 599 salvo com sucesso.
[2026-04-28 18:10:53] Lote 600 salvo com sucesso.
[2026-04-28 18:17:30] Lote 601 salvo com sucesso.
[2026-04-28 18:18:07] Lote 602 salvo com sucesso.
[2026-04-28 18:19:51] Lote 603 salvo com sucesso.
[2026-04-28 18:40:17] Lote 604 salvo com sucesso.
[2026-04-28 18:45:35] Lote 605 salvo com sucesso.
[2026-04-28 19:07:00] Lote 606 salvo com sucesso.
[2026-04-28 19:09:23] Lote 607 salvo com sucesso.
[2026-04-28 19:10:44] Lote 608 salvo com sucesso.
[2026-04-28 19:22:14] Lote 609 salvo com sucesso.
[2026-04-28 19:24:44] Lote 610 salvo com sucesso.
[2026-04-28 19:25:51] Lote 611 salvo com sucesso.
[2026-04-28 19:26:20] Lote 612 salvo com sucesso.
[2026-04-28 19:27:02] Lote 613 salvo com sucesso.
[2026-04-28 19:38:38] Lote 614 salvo com sucesso.
[2026-04-28 20:01:23] Lote 615 salvo com sucesso.
[2026-04-28 20:03:00] Lote 616 salvo com sucesso.
[2026-04-28 20:06:23] Lote 617 salvo com sucesso.
[2026-04-28 20:06:50] Lote 618 salvo com sucesso.
[2026-04-28 20:07:44] Lote 619 salvo com sucesso.
[2026-04-28 20:11:53] Lote 620 salvo com sucesso.
[2026-04-28 20:12:07] Lote 621 salvo com sucesso.
[2026-04-28 20:24:54] Lote 622 salvo com sucesso.
[2026-04-28 20:25:22] Lote 623 salvo com sucesso.
[2026-04-28 20:29:06] Lote 624 salvo com sucesso.
[2026-04-28 20:30:55] Lote 625 salvo com sucesso.
[2026-04-28 20:44:16] Lote 626 salvo com sucesso.
[2026-04-28 20:46:53] Lote 627 salvo com sucesso.
[2026-04-28 20:52:31] Lote 628 salvo com sucesso.
[2026-04-28 20:59:24] Lote 629 salvo com sucesso.
[2026-04-28 21:00:28] Lote 630 salvo com sucesso.
[2026-04-28 21:01:41] Lote 631 salvo com sucesso.
[2026-04-28 21:03:57] Lote 632 salvo com sucesso.
[2026-04-28 21:04:45] Lote 633 salvo com sucesso.
[2026-04-28 21:10:44] Lote 634 salvo com sucesso.
[2026-04-28 21:19:16] Lote 635 salvo com sucesso.
[2026-04-28 21:24:59] Lote 636 salvo com sucesso.
[2026-04-28 21:33:23] Lote 637 salvo com sucesso.
[2026-04-28 21:35:37] Lote 638 salvo com sucesso.
[2026-04-28 21:47:41] Lote 639 salvo com sucesso.
[2026-04-28 21:49:36] Lote 640 salvo com sucesso.
[2026-04-28 21:52:03] Lote 641 salvo com sucesso.
[2026-04-28 22:02:04] Lote 642 salvo com sucesso.
[2026-04-28 22:07:40] Lote 643 salvo com sucesso.
[2026-04-28 22:13:20] Lote 644 salvo com sucesso.
[2026-04-28 22:14:02] Lote 645 salvo com sucesso.
[2026-04-28 22:22:45] Lote 646 salvo com sucesso.
[2026-04-28 22:24:11] Lote 647 salvo com sucesso.
[2026-04-28 22:39:56] Lote 648 salvo com sucesso.
[2026-04-28 23:29:08] Lote 649 salvo com sucesso.
[2026-04-28 23:54:07] Lote 650 salvo com sucesso.
[2026-04-29 00:00:41] Lote 651 salvo com sucesso.
[2026-04-29 00:14:11] Lote 652 salvo com sucesso.
[2026-04-29 00:15:02] Lote 653 salvo com sucesso.
[2026-04-29 00:22:18] Lote 654 salvo com sucesso.
[2026-04-29 00:24:25] Lote 655 salvo com sucesso.
[2026-04-29 00:31:22] Lote 656 salvo com sucesso.
[2026-04-29 00:34:12] Lote 657 salvo com sucesso.
[2026-04-29 00:36:53] Lote 658 salvo com sucesso.
[2026-04-29 00:41:01] Lote 659 salvo com sucesso.
[2026-04-29 00:48:49] Lote 660 salvo com sucesso.
[2026-04-29 00:50:14] Lote 661 salvo com sucesso.
[2026-04-29 00:51:30] Lote 662 salvo com sucesso.
[2026-04-29 01:09:57] Lote 663 salvo com sucesso.
[2026-04-29 01:14:20] Lote 664 salvo com sucesso.
[2026-04-29 01:31:24] Lote 665 salvo com sucesso.
[2026-04-29 01:39:54] Lote 666 salvo com sucesso.
[2026-04-29 01:52:55] Lote 667 salvo com sucesso.
[2026-04-29 01:55:11] Lote 668 salvo com sucesso.
[2026-04-29 02:24:52] Lote 669 salvo com sucesso.
[2026-04-29 02:46:19] Lote 670 salvo com sucesso.
[2026-04-29 02:46:46] Lote 671 salvo com sucesso.
[2026-04-29 02:47:32] Lote 672 salvo com sucesso.
[2026-04-29 02:48:40] Lote 673 salvo com sucesso.
[2026-04-29 02:57:49] Lote 674 salvo com sucesso.
[2026-04-29 03:00:44] Lote 675 salvo com sucesso.
[2026-04-29 03:01:50] Lote 676 salvo com sucesso.
[2026-04-29 03:02:44] Lote 677 salvo com sucesso.
[2026-04-29 03:08:11] Lote 678 salvo com sucesso.
[2026-04-29 03:10:26] Lote 679 salvo com sucesso.
[2026-04-29 03:13:17] Lote 680 salvo com sucesso.
[2026-04-29 03:19:47] Lote 681 salvo com sucesso.
[2026-04-29 03:24:37] Lote 682 salvo com sucesso.
[2026-04-29 03:28:16] Lote 683 salvo com sucesso.
[2026-04-29 03:37:19] Lote 684 salvo com sucesso.
[2026-04-29 03:38:07] Lote 685 salvo com sucesso.
[2026-04-29 03:49:28] Lote 686 salvo com sucesso.
[2026-04-29 03:49:55] Lote 687 salvo com sucesso.
[2026-04-29 03:51:47] Lote 688 salvo com sucesso.
[2026-04-29 03:52:37] Lote 689 salvo com sucesso.
[2026-04-29 03:55:25] Lote 690 salvo com sucesso.
[2026-04-29 03:59:01] Lote 691 salvo com sucesso.
[2026-04-29 04:01:54] Lote 692 salvo com sucesso.
[2026-04-29 04:02:57] Lote 693 salvo com sucesso.
[2026-04-29 04:30:43] Lote 694 salvo com sucesso.
[2026-04-29 04:31:50] Lote 695 salvo com sucesso.
[2026-04-29 04:37:18] Lote 696 salvo com sucesso.
[2026-04-29 04:43:36] Lote 697 salvo com sucesso.
[2026-04-29 04:44:11] Lote 698 salvo com sucesso.
[2026-04-29 05:08:26] Lote 699 salvo com sucesso.
[2026-04-29 05:09:18] Lote 700 salvo com sucesso.
[2026-04-29 05:10:13] Lote 701 salvo com sucesso.
[2026-04-29 05:11:48] Lote 702 salvo com sucesso.
[2026-04-29 05:13:01] Lote 703 salvo com sucesso.
[2026-04-29 05:24:22] Lote 704 salvo com sucesso.
[2026-04-29 05:27:04] Lote 705 salvo com sucesso.
[2026-04-29 05:28:06] Lote 706 salvo com sucesso.
[2026-04-29 05:37:04] Lote 707 salvo com sucesso.
[2026-04-29 05:42:48] Lote 708 salvo com sucesso.
[2026-04-29 05:43:26] Lote 709 salvo com sucesso.
[2026-04-29 05:51:59] Lote 710 salvo com sucesso.
[2026-04-29 05:57:03] Lote 711 salvo com sucesso.
[2026-04-29 06:03:48] Lote 712 salvo com sucesso.
[2026-04-29 06:12:24] Lote 713 salvo com sucesso.
[2026-04-29 06:13:49] Lote 714 salvo com sucesso.
[2026-04-29 06:14:42] Lote 715 salvo com sucesso.
[2026-04-29 06:49:08] Lote 716 salvo com sucesso.
[2026-04-29 06:55:07] Lote 717 salvo com sucesso.
[2026-04-29 06:55:52] Lote 718 salvo com sucesso.
[2026-04-29 06:56:42] Lote 719 salvo com sucesso.
[2026-04-29 06:57:34] Lote 720 salvo com sucesso.
[2026-04-29 07:01:40] Lote 721 salvo com sucesso.
[2026-04-29 07:03:55] Lote 722 salvo com sucesso.
[2026-04-29 07:08:26] Lote 723 salvo com sucesso.
[2026-04-29 07:10:57] Lote 724 salvo com sucesso.
[2026-04-29 07:18:59] Lote 725 salvo com sucesso.
[2026-04-29 07:19:44] Lote 726 salvo com sucesso.
[2026-04-29 07:20:40] Lote 727 salvo com sucesso.
[2026-04-29 07:26:23] Lote 728 salvo com sucesso.
[2026-04-29 07:34:31] Lote 729 salvo com sucesso.
[2026-04-29 07:41:51] Lote 730 salvo com sucesso.
[2026-04-29 07:44:14] Lote 731 salvo com sucesso.
[2026-04-29 07:45:07] Lote 732 salvo com sucesso.
[2026-04-29 07:45:20] Lote 733 salvo com sucesso.
[2026-04-29 08:15:26] Lote 734 salvo com sucesso.
[2026-04-29 08:39:10] Lote 735 salvo com sucesso.
[2026-04-29 08:43:57] Lote 736 salvo com sucesso.
[2026-04-29 08:57:01] Lote 737 salvo com sucesso.
[2026-04-29 09:00:23] Lote 738 salvo com sucesso.
[2026-04-29 09:03:20] Lote 739 salvo com sucesso.
[2026-04-29 09:03:33] Lote 740 salvo com sucesso.
[2026-04-29 09:06:58] Lote 741 salvo com sucesso.
[2026-04-29 09:09:03] Lote 742 salvo com sucesso.
[2026-04-29 09:09:26] Lote 743 salvo com sucesso.
[2026-04-29 09:13:00] Lote 744 salvo com sucesso.
[2026-04-29 09:20:04] Lote 745 salvo com sucesso.
[2026-04-29 09:22:02] Lote 746 salvo com sucesso.
[2026-04-29 09:22:14] Lote 747 salvo com sucesso.
[2026-04-29 09:44:10] Lote 748 salvo com sucesso.
[2026-04-29 09:46:24] Lote 749 salvo com sucesso.
[2026-04-29 09:56:15] Lote 750 salvo com sucesso.
[2026-04-29 09:59:07] Lote 751 salvo com sucesso.
[2026-04-29 10:07:16] Lote 752 salvo com sucesso.
[2026-04-29 10:18:14] Lote 753 salvo com sucesso.
[2026-04-29 10:21:23] Lote 754 salvo com sucesso.
[2026-04-29 10:22:12] Lote 755 salvo com sucesso.
[2026-04-29 10:24:54] Lote 756 salvo com sucesso.
[2026-04-29 10:30:35] Lote 757 salvo com sucesso.
[2026-04-29 10:32:05] Lote 758 salvo com sucesso.
[2026-04-29 10:32:38] Lote 759 salvo com sucesso.
[2026-04-29 10:39:36] Lote 760 salvo com sucesso.
[2026-04-29 10:44:21] Lote 761 salvo com sucesso.
[2026-04-29 10:51:33] Lote 762 salvo com sucesso.
[2026-04-29 10:53:19] Lote 763 salvo com sucesso.
[2026-04-29 10:54:33] Lote 764 salvo com sucesso.
[2026-04-29 10:56:05] Lote 765 salvo com sucesso.
[2026-04-29 10:59:47] Lote 766 salvo com sucesso.
[2026-04-29 11:03:03] Lote 767 salvo com sucesso.
[2026-04-29 11:06:14] Lote 768 salvo com sucesso.
[2026-04-29 11:17:48] Lote 769 salvo com sucesso.
[2026-04-29 11:19:29] Lote 770 salvo com sucesso.
[2026-04-29 11:22:08] Lote 771 salvo com sucesso.
[2026-04-29 11:25:38] Lote 772 salvo com sucesso.
[2026-04-29 11:29:18] Lote 773 salvo com sucesso.
[2026-04-29 11:32:57] Lote 774 salvo com sucesso.
[2026-04-29 11:33:16] Lote 775 salvo com sucesso.
[2026-04-29 11:50:15] Lote 776 salvo com sucesso.
[2026-04-29 11:52:10] Lote 777 salvo com sucesso.
[2026-04-29 11:58:00] Lote 778 salvo com sucesso.
[2026-04-29 12:00:50] Lote 779 salvo com sucesso.
[2026-04-29 12:01:48] Lote 780 salvo com sucesso.
[2026-04-29 12:05:07] Lote 781 salvo com sucesso.
[2026-04-29 12:13:25] Lote 782 salvo com sucesso.
[2026-04-29 12:15:56] Lote 783 salvo com sucesso.
[2026-04-29 12:33:24] Lote 784 salvo com sucesso.
[2026-04-29 12:51:29] Lote 785 salvo com sucesso.
[2026-04-29 12:52:04] Lote 786 salvo com sucesso.
[2026-04-29 12:57:14] Lote 787 salvo com sucesso.
[2026-04-29 13:01:09] Lote 788 salvo com sucesso.
[2026-04-29 13:06:17] Lote 789 salvo com sucesso.
[2026-04-29 13:09:41] Lote 790 salvo com sucesso.
[2026-04-29 13:17:54] Lote 791 salvo com sucesso.
[2026-04-29 13:24:58] Lote 792 salvo com sucesso.
[2026-04-29 13:26:57] Lote 793 salvo com sucesso.
[2026-04-29 13:28:44] Lote 794 salvo com sucesso.
[2026-04-29 13:45:36] Lote 795 salvo com sucesso.
[2026-04-29 13:48:52] Lote 796 salvo com sucesso.
[2026-04-29 13:51:07] Lote 797 salvo com sucesso.
[2026-04-29 13:58:12] Lote 798 salvo com sucesso.
[2026-04-29 13:58:58] Lote 799 salvo com sucesso.
[2026-04-29 14:00:50] Lote 800 salvo com sucesso.
[2026-04-29 14:04:57] Lote 801 salvo com sucesso.
[2026-04-29 14:09:07] Lote 802 salvo com sucesso.
[2026-04-29 14:12:06] Lote 803 salvo com sucesso.
[2026-04-29 14:12:39] Lote 804 salvo com sucesso.
[2026-04-29 14:14:13] Lote 805 salvo com sucesso.
[2026-04-29 14:19:55] Lote 806 salvo com sucesso.
[2026-04-29 14:23:34] Lote 807 salvo com sucesso.
[2026-04-29 14:24:48] Lote 808 salvo com sucesso.
[2026-04-29 14:37:35] Lote 809 salvo com sucesso.
[2026-04-29 14:41:11] Lote 810 salvo com sucesso.
[2026-04-29 14:42:55] Lote 811 salvo com sucesso.
[2026-04-29 14:43:32] Lote 812 salvo com sucesso.
[2026-04-29 14:55:55] Lote 813 salvo com sucesso.
[2026-04-29 14:56:45] Lote 814 salvo com sucesso.
[2026-04-29 15:01:49] Lote 815 salvo com sucesso.
[2026-04-29 15:05:19] Lote 816 salvo com sucesso.
[2026-04-29 15:09:29] Lote 817 salvo com sucesso.
[2026-04-29 15:42:08] Lote 818 salvo com sucesso.
[2026-04-29 15:44:45] Lote 819 salvo com sucesso.
[2026-04-29 15:45:30] Lote 820 salvo com sucesso.
[2026-04-29 15:48:07] Lote 821 salvo com sucesso.
[2026-04-29 16:16:37] Lote 822 salvo com sucesso.
[2026-04-29 16:20:48] Lote 823 salvo com sucesso.
[2026-04-29 16:21:44] Lote 824 salvo com sucesso.
[2026-04-29 17:03:07] Lote 825 salvo com sucesso.
[2026-04-29 17:06:39] Lote 826 salvo com sucesso.
[2026-04-29 17:07:19] Lote 827 salvo com sucesso.
[2026-04-29 17:23:23] Lote 828 salvo com sucesso.
[2026-04-29 17:26:20] Lote 829 salvo com sucesso.
[2026-04-29 17:26:57] Lote 830 salvo com sucesso.
[2026-04-29 17:36:50] Lote 831 salvo com sucesso.
[2026-04-29 18:06:10] Lote 832 salvo com sucesso.
[2026-04-29 18:13:23] Lote 833 salvo com sucesso.
[2026-04-29 18:19:43] Lote 834 salvo com sucesso.
[2026-04-29 18:23:50] Lote 835 salvo com sucesso.
[2026-04-29 18:27:53] Lote 836 salvo com sucesso.
[2026-04-29 18:29:18] Lote 837 salvo com sucesso.
[2026-04-29 18:51:56] Lote 838 salvo com sucesso.
[2026-04-29 18:52:26] Lote 839 salvo com sucesso.
[2026-04-29 18:53:56] Lote 840 salvo com sucesso.
[2026-04-29 18:55:30] Lote 841 salvo com sucesso.
[2026-04-29 18:57:13] Lote 842 salvo com sucesso.
[2026-04-29 18:57:37] Lote 843 salvo com sucesso.
[2026-04-29 18:57:54] Lote 844 salvo com sucesso.
[2026-04-29 18:59:34] Lote 845 salvo com sucesso.
[2026-04-29 19:00:42] Lote 846 salvo com sucesso.
[2026-04-29 19:05:46] Lote 847 salvo com sucesso.
[2026-04-29 19:07:34] Lote 848 salvo com sucesso.
[2026-04-29 19:08:21] Lote 849 salvo com sucesso.
[2026-04-29 19:14:45] Lote 850 salvo com sucesso.
[2026-04-29 19:24:18] Lote 851 salvo com sucesso.
[2026-04-29 19:31:12] Lote 852 salvo com sucesso.
[2026-04-29 19:36:54] Lote 853 salvo com sucesso.
[2026-04-29 19:39:56] Lote 854 salvo com sucesso.
[2026-04-29 19:45:54] Lote 855 salvo com sucesso.
[2026-04-29 19:46:08] Lote 856 salvo com sucesso.
[2026-04-29 19:46:42] Lote 857 salvo com sucesso.
[2026-04-29 19:51:05] Lote 858 salvo com sucesso.
[2026-04-29 19:51:22] Lote 859 salvo com sucesso.
[2026-04-29 19:53:05] Lote 860 salvo com sucesso.
[2026-04-29 20:02:58] Lote 861 salvo com sucesso.
[2026-04-29 20:12:01] Lote 862 salvo com sucesso.
[2026-04-29 20:17:32] Lote 863 salvo com sucesso.
[2026-04-29 20:45:35] Lote 864 salvo com sucesso.
[2026-04-29 20:48:07] Lote 865 salvo com sucesso.
[2026-04-29 20:55:21] Lote 866 salvo com sucesso.
[2026-04-29 20:57:31] Lote 867 salvo com sucesso.
[2026-04-29 20:58:49] Lote 868 salvo com sucesso.
[2026-04-29 20:59:41] Lote 869 salvo com sucesso.
[2026-04-29 21:03:32] Lote 870 salvo com sucesso.
[2026-04-29 21:18:56] Lote 871 salvo com sucesso.
[2026-04-29 21:57:23] Lote 872 salvo com sucesso.
[2026-04-29 22:02:30] Lote 873 salvo com sucesso.
[2026-04-29 22:05:29] Lote 874 salvo com sucesso.
[2026-04-29 22:14:35] Lote 875 salvo com sucesso.
[2026-04-29 22:23:37] Lote 876 salvo com sucesso.
[2026-04-29 22:24:16] Lote 877 salvo com sucesso.
[2026-04-29 22:26:30] Lote 878 salvo com sucesso.
[2026-04-29 22:29:06] Lote 879 salvo com sucesso.
[2026-04-29 22:32:39] Lote 880 salvo com sucesso.
[2026-04-29 22:35:31] Lote 881 salvo com sucesso.
[2026-04-29 22:41:14] Lote 882 salvo com sucesso.
[2026-04-29 22:43:37] Lote 883 salvo com sucesso.
[2026-04-29 22:51:18] Lote 884 salvo com sucesso.
[2026-04-29 22:55:59] Lote 885 salvo com sucesso.
[2026-04-29 22:58:20] Lote 886 salvo com sucesso.
[2026-04-29 23:00:30] Lote 887 salvo com sucesso.
[2026-04-29 23:01:22] Lote 888 salvo com sucesso.
[2026-04-29 23:02:42] Lote 889 salvo com sucesso.
[2026-04-29 23:05:44] Lote 890 salvo com sucesso.
[2026-04-29 23:08:24] Lote 891 salvo com sucesso.
[2026-04-29 23:11:17] Lote 892 salvo com sucesso.
[2026-04-29 23:12:20] Lote 893 salvo com sucesso.
[2026-04-29 23:18:37] Lote 894 salvo com sucesso.
[2026-04-29 23:36:22] Lote 895 salvo com sucesso.
[2026-04-29 23:41:26] Lote 896 salvo com sucesso.
[2026-04-29 23:41:42] Lote 897 salvo com sucesso.
[2026-04-29 23:52:20] Lote 898 salvo com sucesso.
[2026-04-30 00:03:45] Lote 899 salvo com sucesso.
[2026-04-30 00:09:06] Lote 900 salvo com sucesso.
[2026-04-30 00:10:38] Lote 901 salvo com sucesso.
[2026-04-30 00:11:31] Lote 902 salvo com sucesso.
[2026-04-30 00:13:08] Lote 903 salvo com sucesso.
[2026-04-30 00:18:39] Lote 904 salvo com sucesso.
[2026-04-30 00:28:32] Lote 905 salvo com sucesso.
[2026-04-30 00:35:10] Lote 906 salvo com sucesso.
[2026-04-30 00:43:34] Lote 907 salvo com sucesso.
[2026-04-30 00:47:18] Lote 908 salvo com sucesso.
[2026-04-30 00:51:43] Lote 909 salvo com sucesso.
[2026-04-30 00:52:41] Lote 910 salvo com sucesso.
[2026-04-30 01:05:09] Lote 911 salvo com sucesso.
[2026-04-30 01:06:45] Lote 912 salvo com sucesso.
[2026-04-30 01:08:32] Lote 913 salvo com sucesso.
[2026-04-30 01:10:15] Lote 914 salvo com sucesso.
[2026-04-30 01:13:58] Lote 915 salvo com sucesso.
[2026-04-30 01:20:57] Lote 916 salvo com sucesso.
[2026-04-30 01:22:49] Lote 917 salvo com sucesso.
[2026-04-30 01:34:37] Lote 918 salvo com sucesso.
[2026-04-30 02:02:31] Lote 919 salvo com sucesso.
[2026-04-30 02:06:29] Lote 920 salvo com sucesso.
[2026-04-30 02:08:15] Lote 921 salvo com sucesso.
[2026-04-30 02:09:12] Lote 922 salvo com sucesso.
[2026-04-30 02:10:54] Lote 923 salvo com sucesso.
[2026-04-30 02:11:56] Lote 924 salvo com sucesso.
[2026-04-30 02:12:43] Lote 925 salvo com sucesso.
[2026-04-30 02:12:51] Lote 926 salvo com sucesso.
[2026-04-30 02:21:26] Lote 927 salvo com sucesso.
[2026-04-30 02:21:51] Lote 928 salvo com sucesso.
[2026-04-30 02:39:37] Lote 929 salvo com sucesso.
[2026-04-30 02:55:58] Lote 930 salvo com sucesso.
[2026-04-30 03:03:51] Lote 931 salvo com sucesso.
[2026-04-30 03:12:39] Lote 932 salvo com sucesso.
[2026-04-30 03:13:01] Lote 933 salvo com sucesso.
[2026-04-30 03:13:38] Lote 934 salvo com sucesso.
[2026-04-30 03:15:17] Lote 935 salvo com sucesso.
[2026-04-30 03:16:32] Lote 936 salvo com sucesso.
[2026-04-30 03:17:24] Lote 937 salvo com sucesso.
[2026-04-30 03:30:28] Lote 938 salvo com sucesso.
[2026-04-30 03:49:30] Lote 939 salvo com sucesso.
[2026-04-30 03:55:56] Lote 940 salvo com sucesso.
[2026-04-30 04:02:39] Lote 941 salvo com sucesso.
[2026-04-30 04:11:54] Lote 942 salvo com sucesso.
[2026-04-30 04:19:03] Lote 943 salvo com sucesso.
[2026-04-30 04:19:22] Lote 944 salvo com sucesso.
[2026-04-30 04:23:04] Lote 945 salvo com sucesso.
[2026-04-30 04:23:34] Lote 946 salvo com sucesso.
[2026-04-30 04:29:53] Lote 947 salvo com sucesso.
[2026-04-30 04:30:42] Lote 948 salvo com sucesso.
[2026-04-30 04:55:30] Lote 949 salvo com sucesso.
[2026-04-30 04:59:57] Lote 950 salvo com sucesso.
[2026-04-30 05:03:51] Lote 951 salvo com sucesso.
[2026-04-30 05:12:46] Lote 952 salvo com sucesso.
[2026-04-30 05:13:37] Lote 953 salvo com sucesso.
[2026-04-30 05:15:12] Lote 954 salvo com sucesso.
[2026-04-30 05:16:19] Lote 955 salvo com sucesso.
[2026-04-30 05:21:22] Lote 956 salvo com sucesso.
[2026-04-30 05:21:46] Lote 957 salvo com sucesso.
[2026-04-30 05:22:36] Lote 958 salvo com sucesso.
[2026-04-30 05:25:59] Lote 959 salvo com sucesso.
[2026-04-30 05:30:11] Lote 960 salvo com sucesso.
[2026-04-30 05:31:08] Lote 961 salvo com sucesso.
[2026-04-30 05:31:40] Lote 962 salvo com sucesso.
[2026-04-30 06:00:32] Lote 963 salvo com sucesso.
[2026-04-30 06:01:51] Lote 964 salvo com sucesso.
[2026-04-30 06:14:18] Lote 965 salvo com sucesso.
[2026-04-30 06:17:43] Lote 966 salvo com sucesso.
[2026-04-30 06:26:27] Lote 967 salvo com sucesso.
[2026-04-30 06:30:11] Lote 968 salvo com sucesso.
[2026-04-30 06:39:10] Lote 969 salvo com sucesso.
[2026-04-30 06:49:42] Lote 970 salvo com sucesso.
[2026-04-30 06:52:38] Lote 971 salvo com sucesso.
[2026-04-30 06:55:33] Lote 972 salvo com sucesso.
[2026-04-30 07:01:35] Lote 973 salvo com sucesso.
[2026-04-30 07:03:19] Lote 974 salvo com sucesso.
[2026-04-30 07:04:27] Lote 975 salvo com sucesso.
[2026-04-30 07:07:15] Lote 976 salvo com sucesso.
[2026-04-30 07:25:23] Lote 977 salvo com sucesso.
[2026-04-30 07:29:35] Lote 978 salvo com sucesso.
[2026-04-30 07:30:36] Lote 979 salvo com sucesso.
[2026-04-30 07:36:49] Lote 980 salvo com sucesso.
[2026-04-30 07:37:41] Lote 981 salvo com sucesso.
[2026-04-30 07:39:46] Lote 982 salvo com sucesso.
[2026-04-30 07:43:50] Lote 983 salvo com sucesso.
[2026-04-30 07:50:13] Lote 984 salvo com sucesso.
[2026-04-30 07:50:31] Lote 985 salvo com sucesso.
[2026-04-30 07:51:02] Lote 986 salvo com sucesso.
[2026-04-30 08:17:36] Lote 987 salvo com sucesso.
[2026-04-30 08:18:19] Lote 988 salvo com sucesso.
[2026-04-30 08:19:56] Lote 989 salvo com sucesso.
[2026-04-30 08:26:49] Lote 990 salvo com sucesso.
[2026-04-30 08:28:06] Lote 991 salvo com sucesso.
[2026-04-30 08:31:24] Lote 992 salvo com sucesso.
[2026-04-30 08:32:21] Lote 993 salvo com sucesso.
[2026-04-30 08:34:36] Lote 994 salvo com sucesso.
[2026-04-30 08:34:49] Lote 995 salvo com sucesso.
[2026-04-30 08:36:56] Lote 996 salvo com sucesso.
[2026-04-30 08:38:27] Lote 997 salvo com sucesso.
[2026-04-30 08:38:47] Lote 998 salvo com sucesso.
[2026-04-30 08:40:06] Lote 999 salvo com sucesso.
[2026-04-30 08:45:27] Lote 1000 salvo com sucesso.
[2026-04-30 08:48:18] Lote 1001 salvo com sucesso.
[2026-04-30 08:56:10] Lote 1002 salvo com sucesso.
[2026-04-30 09:01:31] Lote 1003 salvo com sucesso.
[2026-04-30 09:01:52] Lote 1004 salvo com sucesso.
[2026-04-30 09:07:37] Lote 1005 salvo com sucesso.
[2026-04-30 09:14:17] Lote 1006 salvo com sucesso.
[2026-04-30 09:21:15] Lote 1007 salvo com sucesso.
[2026-04-30 09:23:03] Lote 1008 salvo com sucesso.
[2026-04-30 09:23:41] Lote 1009 salvo com sucesso.
[2026-04-30 09:31:51] Lote 1010 salvo com sucesso.
[2026-04-30 09:45:13] Lote 1011 salvo com sucesso.
[2026-04-30 09:50:01] Lote 1012 salvo com sucesso.
[2026-04-30 09:50:49] Lote 1013 salvo com sucesso.
[2026-04-30 09:51:03] Lote 1014 salvo com sucesso.
[2026-04-30 09:51:20] Lote 1015 salvo com sucesso.
[2026-04-30 09:53:23] Lote 1016 salvo com sucesso.
[2026-04-30 10:02:22] Lote 1017 salvo com sucesso.
[2026-04-30 10:06:28] Lote 1018 salvo com sucesso.
[2026-04-30 10:13:41] Lote 1019 salvo com sucesso.
[2026-04-30 10:17:04] Lote 1020 salvo com sucesso.
[2026-04-30 10:19:50] Lote 1021 salvo com sucesso.
[2026-04-30 10:23:57] Lote 1022 salvo com sucesso.
[2026-04-30 10:25:52] Lote 1023 salvo com sucesso.
[2026-04-30 10:32:36] Lote 1024 salvo com sucesso.
[2026-04-30 10:35:48] Lote 1025 salvo com sucesso.
[2026-04-30 10:38:13] Lote 1026 salvo com sucesso.
[2026-04-30 10:49:46] Lote 1027 salvo com sucesso.
[2026-04-30 11:07:44] Lote 1028 salvo com sucesso.
[2026-04-30 11:08:53] Lote 1029 salvo com sucesso.
[2026-04-30 11:13:54] Lote 1030 salvo com sucesso.
[2026-04-30 11:15:10] Lote 1031 salvo com sucesso.
[2026-04-30 11:16:43] Lote 1032 salvo com sucesso.
[2026-04-30 11:17:00] Lote 1033 salvo com sucesso.
[2026-04-30 11:27:10] Lote 1034 salvo com sucesso.
[2026-04-30 11:29:11] Lote 1035 salvo com sucesso.
[2026-04-30 11:33:15] Lote 1036 salvo com sucesso.
[2026-04-30 11:37:06] Lote 1037 salvo com sucesso.
[2026-04-30 11:40:19] Lote 1038 salvo com sucesso.
[2026-04-30 11:50:35] Lote 1039 salvo com sucesso.
[2026-04-30 11:54:33] Lote 1040 salvo com sucesso.
[2026-04-30 11:59:14] Lote 1041 salvo com sucesso.
[2026-04-30 12:04:15] Lote 1042 salvo com sucesso.
[2026-04-30 12:05:43] Lote 1043 salvo com sucesso.
[2026-04-30 12:07:28] Lote 1044 salvo com sucesso.
[2026-04-30 12:10:39] Lote 1045 salvo com sucesso.
[2026-04-30 12:28:09] Lote 1046 salvo com sucesso.
[2026-04-30 12:28:47] Lote 1047 salvo com sucesso.
[2026-04-30 12:30:27] Lote 1048 salvo com sucesso.
[2026-04-30 12:34:55] Lote 1049 salvo com sucesso.
[2026-04-30 12:36:17] Lote 1050 salvo com sucesso.
[2026-04-30 12:40:00] Lote 1051 salvo com sucesso.
[2026-04-30 12:40:41] Lote 1052 salvo com sucesso.
[2026-04-30 12:43:19] Lote 1053 salvo com sucesso.
[2026-04-30 12:47:25] Lote 1054 salvo com sucesso.
[2026-04-30 13:05:39] Lote 1055 salvo com sucesso.
[2026-04-30 13:07:32] Lote 1056 salvo com sucesso.
[2026-04-30 13:08:07] Lote 1057 salvo com sucesso.
[2026-04-30 13:08:26] Lote 1058 salvo com sucesso.
[2026-04-30 13:12:42] Lote 1059 salvo com sucesso.
[2026-04-30 13:15:39] Lote 1060 salvo com sucesso.
[2026-04-30 13:19:25] Lote 1061 salvo com sucesso.
[2026-04-30 13:28:42] Lote 1062 salvo com sucesso.
[2026-04-30 13:42:46] Lote 1063 salvo com sucesso.
[2026-04-30 13:43:13] Lote 1064 salvo com sucesso.
[2026-04-30 13:46:20] Lote 1065 salvo com sucesso.
[2026-04-30 13:51:41] Lote 1066 salvo com sucesso.
[2026-04-30 14:04:12] Lote 1067 salvo com sucesso.
[2026-04-30 14:05:26] Lote 1068 salvo com sucesso.
[2026-04-30 14:09:03] Lote 1069 salvo com sucesso.
[2026-04-30 14:14:33] Lote 1070 salvo com sucesso.
[2026-04-30 14:23:24] Lote 1071 salvo com sucesso.
[2026-04-30 14:38:03] Lote 1072 salvo com sucesso.
[2026-04-30 14:56:18] Lote 1073 salvo com sucesso.
[2026-04-30 15:02:06] Lote 1074 salvo com sucesso.
[2026-04-30 15:08:38] Lote 1075 salvo com sucesso.
[2026-04-30 15:11:46] Lote 1076 salvo com sucesso.
[2026-04-30 15:12:54] Lote 1077 salvo com sucesso.
[2026-04-30 15:13:10] Lote 1078 salvo com sucesso.
[2026-04-30 15:14:31] Lote 1079 salvo com sucesso.
[2026-04-30 15:16:19] Lote 1080 salvo com sucesso.
[2026-04-30 15:18:46] Lote 1081 salvo com sucesso.
[2026-04-30 15:23:16] Lote 1082 salvo com sucesso.
[2026-04-30 15:46:19] Lote 1083 salvo com sucesso.
[2026-04-30 15:51:53] Lote 1084 salvo com sucesso.
[2026-04-30 16:00:57] Lote 1085 salvo com sucesso.
[2026-04-30 16:03:01] Lote 1086 salvo com sucesso.
[2026-04-30 16:07:18] Lote 1087 salvo com sucesso.
[2026-04-30 16:16:37] Lote 1088 salvo com sucesso.
[2026-04-30 16:24:34] Lote 1089 salvo com sucesso.
[2026-04-30 16:24:59] Lote 1090 salvo com sucesso.
[2026-04-30 16:27:10] Lote 1091 salvo com sucesso.
[2026-04-30 16:31:00] Lote 1092 salvo com sucesso.
[2026-04-30 16:43:53] Lote 1093 salvo com sucesso.
[2026-04-30 16:47:29] Lote 1094 salvo com sucesso.
[2026-04-30 16:47:54] Lote 1095 salvo com sucesso.
[2026-04-30 16:50:44] Lote 1096 salvo com sucesso.
[2026-04-30 16:53:20] Lote 1097 salvo com sucesso.
[2026-04-30 17:03:55] Lote 1098 salvo com sucesso.
[2026-04-30 17:17:42] Lote 1099 salvo com sucesso.
[2026-04-30 17:21:13] Lote 1100 salvo com sucesso.
[2026-04-30 17:21:57] Lote 1101 salvo com sucesso.
[2026-04-30 17:25:49] Lote 1102 salvo com sucesso.
[2026-04-30 17:26:24] Lote 1103 salvo com sucesso.
[2026-04-30 17:34:06] Lote 1104 salvo com sucesso.
[2026-04-30 17:39:30] Lote 1105 salvo com sucesso.
[2026-04-30 17:47:17] Lote 1106 salvo com sucesso.
[2026-04-30 17:47:55] Lote 1107 salvo com sucesso.
[2026-04-30 17:52:54] Lote 1108 salvo com sucesso.
[2026-04-30 18:13:47] Lote 1109 salvo com sucesso.
[2026-04-30 18:18:39] Lote 1110 salvo com sucesso.
[2026-04-30 18:23:33] Lote 1111 salvo com sucesso.
[2026-04-30 18:26:04] Lote 1112 salvo com sucesso.
[2026-04-30 18:31:34] Lote 1113 salvo com sucesso.
[2026-04-30 18:44:28] Lote 1114 salvo com sucesso.
[2026-04-30 18:45:26] Lote 1115 salvo com sucesso.
[2026-04-30 19:01:06] Lote 1116 salvo com sucesso.
[2026-04-30 19:03:02] Lote 1117 salvo com sucesso.
[2026-04-30 19:05:17] Lote 1118 salvo com sucesso.
[2026-04-30 19:13:22] Lote 1119 salvo com sucesso.
[2026-04-30 19:22:16] Lote 1120 salvo com sucesso.
[2026-04-30 20:08:55] Lote 1121 salvo com sucesso.
[2026-04-30 20:15:38] Lote 1122 salvo com sucesso.
[2026-04-30 20:20:58] Lote 1123 salvo com sucesso.
[2026-04-30 20:21:35] Lote 1124 salvo com sucesso.
[2026-04-30 20:30:27] Lote 1125 salvo com sucesso.
[2026-04-30 20:38:07] Lote 1126 salvo com sucesso.
[2026-04-30 20:38:36] Lote 1127 salvo com sucesso.
[2026-04-30 20:41:37] Lote 1128 salvo com sucesso.
[2026-04-30 20:43:56] Lote 1129 salvo com sucesso.
[2026-04-30 21:03:42] Lote 1130 salvo com sucesso.
[2026-04-30 21:05:18] Lote 1131 salvo com sucesso.
[2026-04-30 21:10:29] Lote 1132 salvo com sucesso.
[2026-04-30 21:13:01] Lote 1133 salvo com sucesso.
[2026-04-30 21:20:16] Lote 1134 salvo com sucesso.
[2026-04-30 21:22:19] Lote 1135 salvo com sucesso.
[2026-04-30 21:22:41] Lote 1136 salvo com sucesso.
[2026-04-30 21:25:26] Lote 1137 salvo com sucesso.
[2026-04-30 21:26:14] Lote 1138 salvo com sucesso.
[2026-04-30 21:27:11] Lote 1139 salvo com sucesso.
[2026-04-30 21:30:38] Lote 1140 salvo com sucesso.
[2026-04-30 21:32:37] Lote 1141 salvo com sucesso.
[2026-04-30 22:03:07] Lote 1142 salvo com sucesso.
[2026-04-30 22:06:32] Lote 1143 salvo com sucesso.
[2026-04-30 22:14:05] Lote 1144 salvo com sucesso.
[2026-04-30 22:14:53] Lote 1145 salvo com sucesso.
[2026-04-30 22:23:13] Lote 1146 salvo com sucesso.
[2026-04-30 22:23:25] Lote 1147 salvo com sucesso.
[2026-04-30 22:28:49] Lote 1148 salvo com sucesso.
[2026-04-30 22:37:30] Lote 1149 salvo com sucesso.
[2026-04-30 22:46:26] Lote 1150 salvo com sucesso.
[2026-04-30 22:47:01] Lote 1151 salvo com sucesso.
[2026-04-30 22:51:09] Lote 1152 salvo com sucesso.
[2026-04-30 22:53:53] Lote 1153 salvo com sucesso.
[2026-04-30 22:54:59] Lote 1154 salvo com sucesso.
[2026-04-30 22:57:15] Lote 1155 salvo com sucesso.
[2026-04-30 22:59:04] Lote 1156 salvo com sucesso.
[2026-04-30 22:59:55] Lote 1157 salvo com sucesso.
[2026-04-30 23:14:10] Lote 1158 salvo com sucesso.
[2026-04-30 23:14:43] Lote 1159 salvo com sucesso.
[2026-04-30 23:24:08] Lote 1160 salvo com sucesso.
[2026-04-30 23:26:07] Lote 1161 salvo com sucesso.
[2026-04-30 23:40:46] Lote 1162 salvo com sucesso.
[2026-04-30 23:49:38] Lote 1163 salvo com sucesso.
[2026-05-01 00:00:17] Lote 1164 salvo com sucesso.
[2026-05-01 00:01:16] Lote 1165 salvo com sucesso.
[2026-05-01 00:06:06] Lote 1166 salvo com sucesso.
[2026-05-01 00:34:20] Lote 1167 salvo com sucesso.
[2026-05-01 00:36:32] Lote 1168 salvo com sucesso.
[2026-05-01 00:37:39] Lote 1169 salvo com sucesso.
[2026-05-01 01:02:02] Lote 1170 salvo com sucesso.
[2026-05-01 01:10:10] Lote 1171 salvo com sucesso.
[2026-05-01 01:10:27] Lote 1172 salvo com sucesso.
[2026-05-01 01:19:32] Lote 1173 salvo com sucesso.
[2026-05-01 01:31:13] Lote 1174 salvo com sucesso.
[2026-05-01 01:33:28] Lote 1175 salvo com sucesso.
[2026-05-01 01:35:40] Lote 1176 salvo com sucesso.
[2026-05-01 01:45:35] Lote 1177 salvo com sucesso.
[2026-05-01 01:51:26] Lote 1178 salvo com sucesso.
[2026-05-01 01:56:27] Lote 1179 salvo com sucesso.
[2026-05-01 01:57:35] Lote 1180 salvo com sucesso.
[2026-05-01 01:57:53] Lote 1181 salvo com sucesso.
[2026-05-01 02:04:23] Lote 1182 salvo com sucesso.
[2026-05-01 02:04:33] Lote 1183 salvo com sucesso.
[2026-05-01 02:07:33] Lote 1184 salvo com sucesso.
[2026-05-01 02:12:08] Lote 1185 salvo com sucesso.
[2026-05-01 02:16:17] Lote 1186 salvo com sucesso.
[2026-05-01 02:16:44] Lote 1187 salvo com sucesso.
[2026-05-01 02:19:03] Lote 1188 salvo com sucesso.
[2026-05-01 02:23:16] Lote 1189 salvo com sucesso.
[2026-05-01 02:27:51] Lote 1190 salvo com sucesso.
[2026-05-01 02:29:21] Lote 1191 salvo com sucesso.
[2026-05-01 02:38:25] Lote 1192 salvo com sucesso.
[2026-05-01 02:45:22] Lote 1193 salvo com sucesso.
[2026-05-01 02:53:03] Lote 1194 salvo com sucesso.
[2026-05-01 02:55:52] Lote 1195 salvo com sucesso.
[2026-05-01 03:01:40] Lote 1196 salvo com sucesso.
[2026-05-01 03:02:31] Lote 1197 salvo com sucesso.
[2026-05-01 03:03:57] Lote 1198 salvo com sucesso.
[2026-05-01 03:04:32] Lote 1199 salvo com sucesso.
[2026-05-01 03:13:14] Lote 1200 salvo com sucesso.
[2026-05-01 03:17:44] Lote 1201 salvo com sucesso.
[2026-05-01 03:34:03] Lote 1202 salvo com sucesso.
[2026-05-01 03:41:57] Lote 1203 salvo com sucesso.
[2026-05-01 03:52:18] Lote 1204 salvo com sucesso.
[2026-05-01 03:57:47] Lote 1205 salvo com sucesso.
[2026-05-01 04:15:34] Lote 1206 salvo com sucesso.
[2026-05-01 04:16:03] Lote 1207 salvo com sucesso.
[2026-05-01 04:16:10] Lote 1208 salvo com sucesso.
[2026-05-01 04:17:48] Lote 1209 salvo com sucesso.
[2026-05-01 04:23:24] Lote 1210 salvo com sucesso.
[2026-05-01 04:33:38] Lote 1211 salvo com sucesso.
[2026-05-01 04:37:24] Lote 1212 salvo com sucesso.
[2026-05-01 04:38:39] Lote 1213 salvo com sucesso.
[2026-05-01 04:52:20] Lote 1214 salvo com sucesso.
[2026-05-01 04:53:15] Lote 1215 salvo com sucesso.
[2026-05-01 04:54:58] Lote 1216 salvo com sucesso.
[2026-05-01 05:14:35] Lote 1217 salvo com sucesso.
[2026-05-01 05:15:21] Lote 1218 salvo com sucesso.
[2026-05-01 05:20:06] Lote 1219 salvo com sucesso.
[2026-05-01 05:38:02] Lote 1220 salvo com sucesso.
[2026-05-01 05:38:20] Lote 1221 salvo com sucesso.
[2026-05-01 05:38:52] Lote 1222 salvo com sucesso.
[2026-05-01 05:39:18] Lote 1223 salvo com sucesso.
[2026-05-01 05:39:53] Lote 1224 salvo com sucesso.
[2026-05-01 06:17:24] Lote 1225 salvo com sucesso.
[2026-05-01 07:19:17] Lote 1226 salvo com sucesso.
[2026-05-01 07:42:16] Lote 1227 salvo com sucesso.
[2026-05-01 07:43:16] Lote 1228 salvo com sucesso.
[2026-05-01 07:47:52] Lote 1229 salvo com sucesso.
[2026-05-01 07:56:39] Lote 1230 salvo com sucesso.
[2026-05-01 08:03:58] Lote 1231 salvo com sucesso.
[2026-05-01 08:06:27] Lote 1232 salvo com sucesso.
[2026-05-01 08:07:21] Lote 1233 salvo com sucesso.
[2026-05-01 08:12:35] Lote 1234 salvo com sucesso.
[2026-05-01 08:16:44] Lote 1235 salvo com sucesso.
[2026-05-01 08:22:18] Lote 1236 salvo com sucesso.
[2026-05-01 08:22:59] Lote 1237 salvo com sucesso.
[2026-05-01 08:29:02] Lote 1238 salvo com sucesso.
[2026-05-01 08:37:17] Lote 1239 salvo com sucesso.
[2026-05-01 08:42:32] Lote 1240 salvo com sucesso.
[2026-05-01 08:48:10] Lote 1241 salvo com sucesso.
[2026-05-01 08:56:17] Lote 1242 salvo com sucesso.
[2026-05-01 08:58:41] Lote 1243 salvo com sucesso.
[2026-05-01 09:00:35] Lote 1244 salvo com sucesso.
[2026-05-01 09:08:14] Lote 1245 salvo com sucesso.
[2026-05-01 09:10:38] Lote 1246 salvo com sucesso.
[2026-05-01 09:37:39] Lote 1247 salvo com sucesso.
[2026-05-01 09:52:27] Lote 1248 salvo com sucesso.
[2026-05-01 10:01:39] Lote 1249 salvo com sucesso.
[2026-05-01 10:08:51] Lote 1250 salvo com sucesso.
[2026-05-01 10:10:49] Lote 1251 salvo com sucesso.
[2026-05-01 10:11:35] Lote 1252 salvo com sucesso.
[2026-05-01 10:16:07] Lote 1253 salvo com sucesso.
[2026-05-01 10:25:37] Lote 1254 salvo com sucesso.
[2026-05-01 10:27:11] Lote 1255 salvo com sucesso.
[2026-05-01 10:28:13] Lote 1256 salvo com sucesso.
[2026-05-01 10:35:39] Lote 1257 salvo com sucesso.
[2026-05-01 10:49:59] Lote 1258 salvo com sucesso.
[2026-05-01 10:57:55] Lote 1259 salvo com sucesso.
[2026-05-01 10:58:26] Lote 1260 salvo com sucesso.
[2026-05-01 10:59:43] Lote 1261 salvo com sucesso.
[2026-05-01 11:06:48] Lote 1262 salvo com sucesso.
[2026-05-01 11:11:18] Lote 1263 salvo com sucesso.
[2026-05-01 11:21:12] Lote 1264 salvo com sucesso.
[2026-05-01 11:22:08] Lote 1265 salvo com sucesso.
[2026-05-01 11:32:43] Lote 1266 salvo com sucesso.
[2026-05-01 11:34:05] Lote 1267 salvo com sucesso.
[2026-05-01 11:54:50] Lote 1268 salvo com sucesso.
[2026-05-01 11:55:36] Lote 1269 salvo com sucesso.
[2026-05-01 11:57:23] Lote 1270 salvo com sucesso.
[2026-05-01 12:01:01] Lote 1271 salvo com sucesso.
[2026-05-01 12:01:54] Lote 1272 salvo com sucesso.
[2026-05-01 12:07:13] Lote 1273 salvo com sucesso.
[2026-05-01 12:08:39] Lote 1274 salvo com sucesso.
[2026-05-01 12:09:06] Lote 1275 salvo com sucesso.
[2026-05-01 12:21:30] Lote 1276 salvo com sucesso.
[2026-05-01 12:24:01] Lote 1277 salvo com sucesso.
[2026-05-01 12:24:56] Lote 1278 salvo com sucesso.
[2026-05-01 12:32:37] Lote 1279 salvo com sucesso.
[2026-05-01 12:34:16] Lote 1280 salvo com sucesso.
[2026-05-01 12:35:56] Lote 1281 salvo com sucesso.
[2026-05-01 13:05:47] Lote 1282 salvo com sucesso.
[2026-05-01 13:19:36] Lote 1283 salvo com sucesso.
[2026-05-01 13:23:16] Lote 1284 salvo com sucesso.
[2026-05-01 13:24:30] Lote 1285 salvo com sucesso.
[2026-05-01 13:45:21] Lote 1286 salvo com sucesso.
[2026-05-01 13:45:52] Lote 1287 salvo com sucesso.
[2026-05-01 14:04:16] Lote 1288 salvo com sucesso.
[2026-05-01 14:35:48] Lote 1289 salvo com sucesso.
[2026-05-01 14:35:59] Lote 1290 salvo com sucesso.
[2026-05-01 14:45:57] Lote 1291 salvo com sucesso.
[2026-05-01 14:46:38] Lote 1292 salvo com sucesso.
[2026-05-01 14:49:40] Lote 1293 salvo com sucesso.
[2026-05-01 14:50:49] Lote 1294 salvo com sucesso.
[2026-05-01 14:51:45] Lote 1295 salvo com sucesso.
[2026-05-01 14:56:06] Lote 1296 salvo com sucesso.
[2026-05-01 14:59:17] Lote 1297 salvo com sucesso.
[2026-05-01 15:03:25] Lote 1298 salvo com sucesso.
[2026-05-01 15:03:40] Lote 1299 salvo com sucesso.
[2026-05-01 15:06:44] Lote 1300 salvo com sucesso.
[2026-05-01 15:10:59] Lote 1301 salvo com sucesso.
[2026-05-01 15:19:22] Lote 1302 salvo com sucesso.
[2026-05-01 15:21:00] Lote 1303 salvo com sucesso.
[2026-05-01 15:21:56] Lote 1304 salvo com sucesso.
[2026-05-01 15:22:49] Lote 1305 salvo com sucesso.
[2026-05-01 15:26:37] Lote 1306 salvo com sucesso.
[2026-05-01 15:28:39] Lote 1307 salvo com sucesso.
[2026-05-01 15:37:42] Lote 1308 salvo com sucesso.
[2026-05-01 15:38:35] Lote 1309 salvo com sucesso.
[2026-05-01 15:48:56] Lote 1310 salvo com sucesso.
[2026-05-01 15:49:54] Lote 1311 salvo com sucesso.
[2026-05-01 15:54:06] Lote 1312 salvo com sucesso.
[2026-05-01 16:00:28] Lote 1313 salvo com sucesso.
[2026-05-01 16:01:58] Lote 1314 salvo com sucesso.
[2026-05-01 16:04:50] Lote 1315 salvo com sucesso.
[2026-05-01 16:08:15] Lote 1316 salvo com sucesso.
[2026-05-01 16:09:50] Lote 1317 salvo com sucesso.
[2026-05-01 16:11:32] Lote 1318 salvo com sucesso.
[2026-05-01 16:15:57] Lote 1319 salvo com sucesso.
[2026-05-01 16:16:13] Lote 1320 salvo com sucesso.
[2026-05-01 16:39:43] Lote 1321 salvo com sucesso.
[2026-05-01 16:42:19] Lote 1322 salvo com sucesso.
[2026-05-01 16:58:06] Lote 1323 salvo com sucesso.
[2026-05-01 17:00:57] Lote 1324 salvo com sucesso.
[2026-05-01 17:05:06] Lote 1325 salvo com sucesso.
[2026-05-01 17:13:16] Lote 1326 salvo com sucesso.
[2026-05-01 17:13:57] Lote 1327 salvo com sucesso.
[2026-05-01 18:01:10] Lote 1328 salvo com sucesso.
[2026-05-01 18:02:56] Lote 1329 salvo com sucesso.
[2026-05-01 18:05:23] Lote 1330 salvo com sucesso.
[2026-05-01 18:08:49] Lote 1331 salvo com sucesso.
[2026-05-01 18:09:51] Lote 1332 salvo com sucesso.
[2026-05-01 18:12:41] Lote 1333 salvo com sucesso.
[2026-05-01 18:19:23] Lote 1334 salvo com sucesso.
[2026-05-01 18:33:01] Lote 1335 salvo com sucesso.
[2026-05-01 18:34:21] Lote 1336 salvo com sucesso.
[2026-05-01 18:39:38] Lote 1337 salvo com sucesso.
[2026-05-01 18:45:54] Lote 1338 salvo com sucesso.
[2026-05-01 18:46:45] Lote 1339 salvo com sucesso.
[2026-05-01 18:48:48] Lote 1340 salvo com sucesso.
[2026-05-01 19:03:39] Lote 1341 salvo com sucesso.
[2026-05-01 19:08:36] Lote 1342 salvo com sucesso.
[2026-05-01 19:37:22] Lote 1343 salvo com sucesso.
[2026-05-01 19:39:49] Lote 1344 salvo com sucesso.
[2026-05-01 19:43:03] Lote 1345 salvo com sucesso.
[2026-05-01 19:44:21] Lote 1346 salvo com sucesso.
[2026-05-01 19:57:14] Lote 1347 salvo com sucesso.
[2026-05-01 19:58:22] Lote 1348 salvo com sucesso.
[2026-05-01 20:21:40] Lote 1349 salvo com sucesso.
[2026-05-01 20:22:41] Lote 1350 salvo com sucesso.
[2026-05-01 20:29:26] Lote 1351 salvo com sucesso.
[2026-05-01 20:30:23] Lote 1352 salvo com sucesso.
[2026-05-01 20:37:29] Lote 1353 salvo com sucesso.
[2026-05-01 20:39:12] Lote 1354 salvo com sucesso.
[2026-05-01 20:39:57] Lote 1355 salvo com sucesso.
[2026-05-01 20:46:50] Lote 1356 salvo com sucesso.
[2026-05-01 20:48:42] Lote 1357 salvo com sucesso.
[2026-05-01 20:48:55] Lote 1358 salvo com sucesso.
[2026-05-01 20:50:55] Lote 1359 salvo com sucesso.
[2026-05-01 21:08:08] Lote 1360 salvo com sucesso.
[2026-05-01 21:17:52] Lote 1361 salvo com sucesso.
[2026-05-01 21:19:13] Lote 1362 salvo com sucesso.
[2026-05-01 21:19:24] Lote 1363 salvo com sucesso.
[2026-05-01 21:22:01] Lote 1364 salvo com sucesso.
[2026-05-01 21:30:45] Lote 1365 salvo com sucesso.
[2026-05-01 21:32:14] Lote 1366 salvo com sucesso.
[2026-05-01 21:33:51] Lote 1367 salvo com sucesso.
[2026-05-01 21:35:06] Lote 1368 salvo com sucesso.
[2026-05-01 21:35:52] Lote 1369 salvo com sucesso.
[2026-05-01 21:41:30] Lote 1370 salvo com sucesso.
[2026-05-01 21:54:15] Lote 1371 salvo com sucesso.
[2026-05-01 22:03:39] Lote 1372 salvo com sucesso.
[2026-05-01 22:10:18] Lote 1373 salvo com sucesso.
[2026-05-01 22:24:43] Lote 1374 salvo com sucesso.
[2026-05-01 22:25:01] Lote 1375 salvo com sucesso.
[2026-05-01 22:43:09] Lote 1376 salvo com sucesso.
[2026-05-01 22:46:09] Lote 1377 salvo com sucesso.
[2026-05-01 22:48:25] Lote 1378 salvo com sucesso.
[2026-05-01 23:39:41] Lote 1379 salvo com sucesso.
[2026-05-01 23:40:42] Lote 1380 salvo com sucesso.
[2026-05-01 23:47:01] Lote 1381 salvo com sucesso.
[2026-05-01 23:48:28] Lote 1382 salvo com sucesso.
[2026-05-01 23:59:13] Lote 1383 salvo com sucesso.
[2026-05-02 00:23:31] Lote 1384 salvo com sucesso.
[2026-05-02 00:24:25] Lote 1385 salvo com sucesso.
[2026-05-02 00:25:13] Lote 1386 salvo com sucesso.
[2026-05-02 00:29:28] Lote 1387 salvo com sucesso.
[2026-05-02 00:31:39] Lote 1388 salvo com sucesso.
[2026-05-02 00:46:07] Lote 1389 salvo com sucesso.
[2026-05-02 00:47:28] Lote 1390 salvo com sucesso.
[2026-05-02 00:48:08] Lote 1391 salvo com sucesso.
[2026-05-02 00:52:22] Lote 1392 salvo com sucesso.
[2026-05-02 00:53:32] Lote 1393 salvo com sucesso.
[2026-05-02 00:56:39] Lote 1394 salvo com sucesso.
[2026-05-02 01:09:03] Lote 1395 salvo com sucesso.
[2026-05-02 01:32:02] Lote 1396 salvo com sucesso.
[2026-05-02 01:32:57] Lote 1397 salvo com sucesso.
[2026-05-02 01:56:11] Lote 1398 salvo com sucesso.
[2026-05-02 02:30:37] Lote 1399 salvo com sucesso.
[2026-05-02 02:39:53] Lote 1400 salvo com sucesso.
[2026-05-02 02:40:25] Lote 1401 salvo com sucesso.
[2026-05-02 03:22:42] Lote 1402 salvo com sucesso.
[2026-05-02 03:33:13] Lote 1403 salvo com sucesso.
[2026-05-02 03:57:58] Lote 1404 salvo com sucesso.
[2026-05-02 04:24:32] Lote 1405 salvo com sucesso.
[2026-05-02 04:50:17] Lote 1406 salvo com sucesso.
[2026-05-02 05:13:41] Lote 1407 salvo com sucesso.
[2026-05-02 05:14:21] Lote 1408 salvo com sucesso.
[2026-05-02 05:36:42] Lote 1409 salvo com sucesso.
[2026-05-02 05:56:26] Lote 1410 salvo com sucesso.
[2026-05-02 06:22:18] Lote 1411 salvo com sucesso.
[2026-05-02 06:45:47] Lote 1412 salvo com sucesso.
[2026-05-02 08:58:36] Lote 1413 salvo com sucesso.
[2026-05-02 08:59:25] Lote 1414 salvo com sucesso.
[2026-05-02 09:00:25] Lote 1415 salvo com sucesso.
[2026-05-02 09:03:19] Lote 1416 salvo com sucesso.
[2026-05-02 09:16:29] Lote 1417 salvo com sucesso.
[2026-05-02 10:24:32] Lote 1418 salvo com sucesso.
[2026-05-02 10:29:10] Lote 1419 salvo com sucesso.
[2026-05-02 10:31:05] Lote 1420 salvo com sucesso.
[2026-05-02 10:52:17] Lote 1421 salvo com sucesso.
[2026-05-02 10:54:34] Lote 1422 salvo com sucesso.
[2026-05-02 10:55:59] Lote 1423 salvo com sucesso.
[2026-05-02 11:19:23] Lote 1424 salvo com sucesso.
[2026-05-02 11:22:29] Lote 1425 salvo com sucesso.
[2026-05-02 11:33:25] Lote 1426 salvo com sucesso.
[2026-05-02 11:57:21] Lote 1427 salvo com sucesso.
[2026-05-02 12:14:36] Lote 1428 salvo com sucesso.
[2026-05-02 12:25:40] Lote 1429 salvo com sucesso.
[2026-05-02 12:48:56] Lote 1430 salvo com sucesso.
[2026-05-02 12:51:42] Lote 1431 salvo com sucesso.
[2026-05-02 12:52:29] Lote 1432 salvo com sucesso.
[2026-05-02 12:53:48] Lote 1433 salvo com sucesso.
[2026-05-02 12:54:28] Lote 1434 salvo com sucesso.
[2026-05-02 13:05:24] Lote 1435 salvo com sucesso.
[2026-05-02 13:08:36] Lote 1436 salvo com sucesso.
[2026-05-02 13:09:18] Lote 1437 salvo com sucesso.
[2026-05-02 13:34:36] Lote 1438 salvo com sucesso.
[2026-05-02 13:35:35] Lote 1439 salvo com sucesso.
[2026-05-02 13:57:23] Lote 1440 salvo com sucesso.
[2026-05-02 13:59:31] Lote 1441 salvo com sucesso.
[2026-05-02 14:00:54] Lote 1442 salvo com sucesso.
[2026-05-02 14:02:04] Lote 1443 salvo com sucesso.
[2026-05-02 14:02:17] Lote 1444 salvo com sucesso.
[2026-05-02 14:02:40] Lote 1445 salvo com sucesso.
[2026-05-02 14:04:28] Lote 1446 salvo com sucesso.
[2026-05-02 14:04:40] Lote 1447 salvo com sucesso.
[2026-05-02 14:27:01] Lote 1448 salvo com sucesso.
[2026-05-02 14:50:21] Lote 1449 salvo com sucesso.
[2026-05-02 15:11:29] Lote 1450 salvo com sucesso.
[2026-05-02 15:18:53] Lote 1451 salvo com sucesso.
[2026-05-02 15:19:27] Lote 1452 salvo com sucesso.
[2026-05-02 15:21:26] Lote 1453 salvo com sucesso.
[2026-05-02 15:25:01] Lote 1454 salvo com sucesso.
[2026-05-02 15:26:59] Lote 1455 salvo com sucesso.
[2026-05-02 16:36:03] Lote 1456 salvo com sucesso.
[2026-05-02 16:59:14] Lote 1457 salvo com sucesso.
[2026-05-02 17:00:16] Lote 1458 salvo com sucesso.
[2026-05-02 17:07:03] Lote 1459 salvo com sucesso.
[2026-05-02 17:28:14] Lote 1460 salvo com sucesso.
[2026-05-02 17:28:51] Lote 1461 salvo com sucesso.
[2026-05-02 17:29:23] Lote 1462 salvo com sucesso.
[2026-05-02 17:29:50] Lote 1463 salvo com sucesso.
[2026-05-02 17:30:55] Lote 1464 salvo com sucesso.
[2026-05-02 17:35:39] Lote 1465 salvo com sucesso.
[2026-05-02 17:52:07] Lote 1466 salvo com sucesso.
[2026-05-02 18:05:32] Lote 1467 salvo com sucesso.
[2026-05-02 18:05:52] Lote 1468 salvo com sucesso.
[2026-05-02 18:26:34] Lote 1469 salvo com sucesso.
[2026-05-02 18:53:01] Lote 1470 salvo com sucesso.
[2026-05-02 18:53:47] Lote 1471 salvo com sucesso.
[2026-05-02 18:54:59] Lote 1472 salvo com sucesso.
[2026-05-02 19:00:23] Lote 1473 salvo com sucesso.
[2026-05-02 19:06:37] Lote 1474 salvo com sucesso.
[2026-05-02 19:08:00] Lote 1475 salvo com sucesso.
[2026-05-02 19:08:34] Lote 1476 salvo com sucesso.
[2026-05-02 19:09:01] Lote 1477 salvo com sucesso.
[2026-05-02 19:09:10] Lote 1478 salvo com sucesso.
[2026-05-02 19:14:20] Lote 1479 salvo com sucesso.
[2026-05-02 19:20:38] Lote 1480 salvo com sucesso.
[2026-05-02 19:24:10] Lote 1481 salvo com sucesso.
[2026-05-02 19:24:28] Lote 1482 salvo com sucesso.
[2026-05-02 19:39:38] Lote 1483 salvo com sucesso.
[2026-05-02 19:40:43] Lote 1484 salvo com sucesso.
[2026-05-02 19:41:36] Lote 1485 salvo com sucesso.
[2026-05-02 19:49:30] Lote 1486 salvo com sucesso.
[2026-05-02 19:49:52] Lote 1487 salvo com sucesso.
[2026-05-02 20:05:53] Lote 1488 salvo com sucesso.
[2026-05-02 20:06:43] Lote 1489 salvo com sucesso.
[2026-05-02 20:08:12] Lote 1490 salvo com sucesso.
[2026-05-02 20:31:28] Lote 1491 salvo com sucesso.
[2026-05-02 21:04:11] Lote 1492 salvo com sucesso.
[2026-05-02 21:11:15] Lote 1493 salvo com sucesso.
[2026-05-02 21:11:36] Lote 1494 salvo com sucesso.
[2026-05-02 21:12:02] Lote 1495 salvo com sucesso.
[2026-05-02 21:16:24] Lote 1496 salvo com sucesso.
[2026-05-02 22:09:39] Lote 1497 salvo com sucesso.
[2026-05-02 22:12:59] Lote 1498 salvo com sucesso.
[2026-05-02 22:34:51] Lote 1499 salvo com sucesso.
[2026-05-02 23:01:51] Lote 1500 salvo com sucesso.
[2026-05-02 23:04:44] Lote 1501 salvo com sucesso.
[2026-05-02 23:05:53] Lote 1502 salvo com sucesso.
[2026-05-02 23:34:37] Lote 1503 salvo com sucesso.
[2026-05-02 23:38:45] Lote 1504 salvo com sucesso.
[2026-05-03 00:11:59] Lote 1505 salvo com sucesso.
[2026-05-03 00:13:52] Lote 1506 salvo com sucesso.
[2026-05-03 00:14:57] Lote 1507 salvo com sucesso.
[2026-05-03 00:17:33] Lote 1508 salvo com sucesso.
[2026-05-03 00:18:44] Lote 1509 salvo com sucesso.
[2026-05-03 00:25:09] Lote 1510 salvo com sucesso.
[2026-05-03 00:48:14] Lote 1511 salvo com sucesso.
[2026-05-03 00:51:08] Lote 1512 salvo com sucesso.
[2026-05-03 01:02:41] Lote 1513 salvo com sucesso.
[2026-05-03 01:11:00] Lote 1514 salvo com sucesso.
[2026-05-03 01:36:52] Lote 1515 salvo com sucesso.
[2026-05-03 02:03:03] Lote 1516 salvo com sucesso.
[2026-05-03 02:11:03] Lote 1517 salvo com sucesso.
[2026-05-03 02:12:50] Lote 1518 salvo com sucesso.
[2026-05-03 02:17:23] Lote 1519 salvo com sucesso.
[2026-05-03 02:22:40] Lote 1520 salvo com sucesso.
[2026-05-03 02:26:12] Lote 1521 salvo com sucesso.
[2026-05-03 02:49:47] Lote 1522 salvo com sucesso.
[2026-05-03 02:50:25] Lote 1523 salvo com sucesso.
[2026-05-03 02:51:16] Lote 1524 salvo com sucesso.
[2026-05-03 02:53:09] Lote 1525 salvo com sucesso.
[2026-05-03 02:53:44] Lote 1526 salvo com sucesso.
[2026-05-03 02:58:55] Lote 1527 salvo com sucesso.
[2026-05-03 02:59:51] Lote 1528 salvo com sucesso.
[2026-05-03 03:00:23] Lote 1529 salvo com sucesso.
[2026-05-03 03:24:03] Lote 1530 salvo com sucesso.
[2026-05-03 03:42:07] Lote 1531 salvo com sucesso.
[2026-05-03 03:42:54] Lote 1532 salvo com sucesso.
[2026-05-03 03:52:57] Lote 1533 salvo com sucesso.
[2026-05-03 04:12:31] Lote 1534 salvo com sucesso.
[2026-05-03 04:12:54] Lote 1535 salvo com sucesso.
[2026-05-03 04:15:46] Lote 1536 salvo com sucesso.
[2026-05-03 04:17:04] Lote 1537 salvo com sucesso.
[2026-05-03 04:38:16] Lote 1538 salvo com sucesso.
[2026-05-03 04:48:54] Lote 1539 salvo com sucesso.
[2026-05-03 04:51:51] Lote 1540 salvo com sucesso.
[2026-05-03 04:52:28] Lote 1541 salvo com sucesso.
[2026-05-03 05:12:52] Lote 1542 salvo com sucesso.
[2026-05-03 05:22:12] Lote 1543 salvo com sucesso.
[2026-05-03 05:22:28] Lote 1544 salvo com sucesso.
[2026-05-03 05:27:10] Lote 1545 salvo com sucesso.
[2026-05-03 05:27:28] Lote 1546 salvo com sucesso.
[2026-05-03 05:29:29] Lote 1547 salvo com sucesso.
[2026-05-03 05:40:54] Lote 1548 salvo com sucesso.
[2026-05-03 05:41:57] Lote 1549 salvo com sucesso.
[2026-05-03 05:59:09] Lote 1550 salvo com sucesso.
[2026-05-03 06:09:28] Lote 1551 salvo com sucesso.
[2026-05-03 06:14:53] Lote 1552 salvo com sucesso.
[2026-05-03 06:18:08] Lote 1553 salvo com sucesso.
[2026-05-03 06:21:20] Lote 1554 salvo com sucesso.
[2026-05-03 06:21:58] Lote 1555 salvo com sucesso.
[2026-05-03 06:27:54] Lote 1556 salvo com sucesso.
[2026-05-03 06:29:11] Lote 1557 salvo com sucesso.
[2026-05-03 06:30:36] Lote 1558 salvo com sucesso.
[2026-05-03 06:34:20] Lote 1559 salvo com sucesso.
[2026-05-03 06:35:06] Lote 1560 salvo com sucesso.
[2026-05-03 06:36:00] Lote 1561 salvo com sucesso.
[2026-05-03 06:57:05] Lote 1562 salvo com sucesso.
[2026-05-03 06:58:05] Lote 1563 salvo com sucesso.
[2026-05-03 06:58:27] Lote 1564 salvo com sucesso.
[2026-05-03 06:59:04] Lote 1565 salvo com sucesso.
[2026-05-03 06:59:45] Lote 1566 salvo com sucesso.
[2026-05-03 07:01:00] Lote 1567 salvo com sucesso.
[2026-05-03 07:03:14] Lote 1568 salvo com sucesso.
[2026-05-03 07:24:07] Lote 1569 salvo com sucesso.
[2026-05-03 07:24:58] Lote 1570 salvo com sucesso.
[2026-05-03 07:34:06] Lote 1571 salvo com sucesso.
[2026-05-03 07:56:52] Lote 1572 salvo com sucesso.
[2026-05-03 07:57:21] Lote 1573 salvo com sucesso.
[2026-05-03 07:57:59] Lote 1574 salvo com sucesso.
[2026-05-03 08:05:01] Lote 1575 salvo com sucesso.
[2026-05-03 08:05:11] Lote 1576 salvo com sucesso.
[2026-05-03 08:34:00] Lote 1577 salvo com sucesso.
[2026-05-03 09:56:55] Lote 1578 salvo com sucesso.
[2026-05-03 09:58:59] Lote 1579 salvo com sucesso.
[2026-05-03 11:39:43] Lote 1580 salvo com sucesso.
[2026-05-03 11:56:57] Lote 1581 salvo com sucesso.
[2026-05-03 12:04:09] Lote 1582 salvo com sucesso.
[2026-05-03 12:04:41] Lote 1583 salvo com sucesso.
[2026-05-03 12:10:59] Lote 1584 salvo com sucesso.
[2026-05-03 12:11:16] Lote 1585 salvo com sucesso.
[2026-05-03 12:12:18] Lote 1586 salvo com sucesso.
[2026-05-03 12:13:42] Lote 1587 salvo com sucesso.
[2026-05-03 12:14:49] Lote 1588 salvo com sucesso.
[2026-05-03 12:28:07] Lote 1589 salvo com sucesso.
[2026-05-03 12:55:28] Lote 1590 salvo com sucesso.
[2026-05-03 12:55:54] Lote 1591 salvo com sucesso.
[2026-05-03 12:56:37] Lote 1592 salvo com sucesso.
[2026-05-03 12:56:48] Lote 1593 salvo com sucesso.
[2026-05-03 12:59:00] Lote 1594 salvo com sucesso.
[2026-05-03 12:59:46] Lote 1595 salvo com sucesso.
[2026-05-03 13:07:33] Lote 1596 salvo com sucesso.
[2026-05-03 13:17:51] Lote 1597 salvo com sucesso.
[2026-05-03 13:21:06] Lote 1598 salvo com sucesso.
[2026-05-03 13:21:30] Lote 1599 salvo com sucesso.
[2026-05-03 13:22:29] Lote 1600 salvo com sucesso.
[2026-05-03 13:41:56] Lote 1601 salvo com sucesso.
[2026-05-03 13:42:55] Lote 1602 salvo com sucesso.
[2026-05-03 14:07:09] Lote 1603 salvo com sucesso.
[2026-05-03 14:34:46] Lote 1604 salvo com sucesso.
[2026-05-03 14:35:09] Lote 1605 salvo com sucesso.
[2026-05-03 14:40:10] Lote 1606 salvo com sucesso.
[2026-05-03 14:40:30] Lote 1607 salvo com sucesso.
[2026-05-03 15:07:23] Lote 1608 salvo com sucesso.
[2026-05-03 15:28:58] Lote 1609 salvo com sucesso.
[2026-05-03 15:37:42] Lote 1610 salvo com sucesso.
[2026-05-03 15:39:33] Lote 1611 salvo com sucesso.
[2026-05-03 15:44:59] Lote 1612 salvo com sucesso.
[2026-05-03 15:45:04] Lote 1613 salvo com sucesso.
[2026-05-03 15:46:25] Lote 1614 salvo com sucesso.
[2026-05-03 15:56:46] Lote 1615 salvo com sucesso.
[2026-05-03 16:07:14] Lote 1616 salvo com sucesso.
[2026-05-03 16:11:34] Lote 1617 salvo com sucesso.
[2026-05-03 16:16:27] Lote 1618 salvo com sucesso.
[2026-05-03 16:17:18] Lote 1619 salvo com sucesso.
[2026-05-03 16:17:38] Lote 1620 salvo com sucesso.
[2026-05-03 16:17:53] Lote 1621 salvo com sucesso.
[2026-05-03 16:28:38] Lote 1622 salvo com sucesso.
[2026-05-03 16:31:00] Lote 1623 salvo com sucesso.
[2026-05-03 16:34:50] Lote 1624 salvo com sucesso.
[2026-05-03 16:37:05] Lote 1625 salvo com sucesso.
[2026-05-03 16:47:32] Lote 1626 salvo com sucesso.
[2026-05-03 16:52:50] Lote 1627 salvo com sucesso.
[2026-05-03 16:52:59] Lote 1628 salvo com sucesso.
[2026-05-03 17:38:20] Lote 1629 salvo com sucesso.
[2026-05-03 17:41:18] Lote 1630 salvo com sucesso.
[2026-05-03 18:07:36] Lote 1631 salvo com sucesso.
[2026-05-03 18:16:32] Lote 1632 salvo com sucesso.
[2026-05-03 19:33:33] Lote 1633 salvo com sucesso.
[2026-05-03 19:50:34] Lote 1634 salvo com sucesso.
[2026-05-03 19:59:47] Lote 1635 salvo com sucesso.
[2026-05-03 20:02:09] Lote 1636 salvo com sucesso.
[2026-05-03 20:02:28] Lote 1637 salvo com sucesso.
[2026-05-03 20:03:59] Lote 1638 salvo com sucesso.
[2026-05-03 20:09:50] Lote 1639 salvo com sucesso.
[2026-05-03 20:13:28] Lote 1640 salvo com sucesso.
[2026-05-03 20:24:22] Lote 1641 salvo com sucesso.
[2026-05-03 20:40:16] Lote 1642 salvo com sucesso.
[2026-05-03 20:40:36] Lote 1643 salvo com sucesso.
[2026-05-03 20:42:49] Lote 1644 salvo com sucesso.
[2026-05-03 20:51:07] Lote 1645 salvo com sucesso.
[2026-05-03 20:57:56] Lote 1646 salvo com sucesso.
[2026-05-03 21:00:40] Lote 1647 salvo com sucesso.
[2026-05-03 21:01:08] Lote 1648 salvo com sucesso.
[2026-05-03 21:12:39] Lote 1649 salvo com sucesso.
[2026-05-03 21:17:26] Lote 1650 salvo com sucesso.
[2026-05-03 21:36:10] Lote 1651 salvo com sucesso.
[2026-05-03 21:38:47] Lote 1652 salvo com sucesso.
[2026-05-03 21:39:20] Lote 1653 salvo com sucesso.
[2026-05-03 21:42:37] Lote 1654 salvo com sucesso.
[2026-05-03 21:57:59] Lote 1655 salvo com sucesso.
[2026-05-03 21:59:34] Lote 1656 salvo com sucesso.
[2026-05-03 22:05:04] Lote 1657 salvo com sucesso.
[2026-05-03 22:09:24] Lote 1658 salvo com sucesso.
[2026-05-03 22:10:12] Lote 1659 salvo com sucesso.
[2026-05-03 22:14:15] Lote 1660 salvo com sucesso.
[2026-05-03 22:22:41] Lote 1661 salvo com sucesso.
[2026-05-03 22:32:03] Lote 1662 salvo com sucesso.
[2026-05-03 22:37:37] Lote 1663 salvo com sucesso.
[2026-05-03 22:39:31] Lote 1664 salvo com sucesso.
[2026-05-03 22:51:53] Lote 1665 salvo com sucesso.
[2026-05-03 23:01:12] Lote 1666 salvo com sucesso.
[2026-05-03 23:02:00] Lote 1667 salvo com sucesso.
[2026-05-03 23:05:20] Lote 1668 salvo com sucesso.
[2026-05-03 23:07:53] Lote 1669 salvo com sucesso.
[2026-05-03 23:30:11] Lote 1670 salvo com sucesso.
[2026-05-03 23:30:25] Lote 1671 salvo com sucesso.
[2026-05-03 23:39:28] Lote 1672 salvo com sucesso.
[2026-05-03 23:55:05] Lote 1673 salvo com sucesso.
[2026-05-03 23:57:21] Lote 1674 salvo com sucesso.
[2026-05-03 23:59:34] Lote 1675 salvo com sucesso.
[2026-05-04 00:02:46] Lote 1676 salvo com sucesso.
[2026-05-04 00:02:58] Lote 1677 salvo com sucesso.
[2026-05-04 00:03:23] Lote 1678 salvo com sucesso.
[2026-05-04 00:05:04] Lote 1679 salvo com sucesso.
[2026-05-04 00:10:35] Lote 1680 salvo com sucesso.
[2026-05-04 00:10:58] Lote 1681 salvo com sucesso.
[2026-05-04 00:11:15] Lote 1682 salvo com sucesso.
[2026-05-04 00:12:23] Lote 1683 salvo com sucesso.
[2026-05-04 00:13:25] Lote 1684 salvo com sucesso.
[2026-05-04 00:14:07] Lote 1685 salvo com sucesso.
[2026-05-04 00:14:58] Lote 1686 salvo com sucesso.
[2026-05-04 00:15:26] Lote 1687 salvo com sucesso.
[2026-05-04 00:15:59] Lote 1688 salvo com sucesso.
[2026-05-04 00:23:14] Lote 1689 salvo com sucesso.
[2026-05-04 00:23:54] Lote 1690 salvo com sucesso.
[2026-05-04 00:35:08] Lote 1691 salvo com sucesso.
[2026-05-04 00:39:58] Lote 1692 salvo com sucesso.
[2026-05-04 00:40:15] Lote 1693 salvo com sucesso.
[2026-05-04 00:41:27] Lote 1694 salvo com sucesso.
[2026-05-04 00:53:10] Lote 1695 salvo com sucesso.
[2026-05-04 00:57:51] Lote 1696 salvo com sucesso.
[2026-05-04 00:58:25] Lote 1697 salvo com sucesso.
[2026-05-04 01:03:31] Lote 1698 salvo com sucesso.
[2026-05-04 01:20:57] Lote 1699 salvo com sucesso.
[2026-05-04 01:26:00] Lote 1700 salvo com sucesso.
[2026-05-04 01:27:53] Lote 1701 salvo com sucesso.
[2026-05-04 01:34:42] Lote 1702 salvo com sucesso.
[2026-05-04 01:50:13] Lote 1703 salvo com sucesso.
[2026-05-04 01:53:49] Lote 1704 salvo com sucesso.
[2026-05-04 01:54:57] Lote 1705 salvo com sucesso.
[2026-05-04 01:54:59] Lote 1706 salvo com sucesso.
[2026-05-04 01:54:59] Total mensagens lidas: 81514452
[2026-05-04 01:54:59] Total após filtros: 63742825
[2026-05-04 01:54:59] Total em inglês: 28780726
[2026-05-04 01:54:59] Total lotes com erro: 0
[2026-05-04 01:54:59] ============================================================
[2026-05-04 01:54:59] Processo finalizado!
