Lendo texto com colunas: ['id', 'group_name', 'text']
Lendo tópicos com colunas: ['political_category', 'id', 'group_name']
Dataset carregado: 996055 documentos
Embeddings a testar: ['paraphrase-MiniLM-L6-v2', 'all-MiniLM-L6-v2', 'all-distilroberta-v1']
Classificadores a testar: ['lr']
Classes encontradas: ['Non Politic', 'Outliers', 'Politic']

############################################################
[1/3] Modelo de embedding: paraphrase-MiniLM-L6-v2
############################################################
| Gerando/carregando embeddings...
   -> Carregando da cache: /home/students/moliveira/telegram-political-toxicity/data/cache/embeddings_classifier/paraphrase-MiniLM-L6-v2.npy

==================================================
  Classificador: LR | Embedding: paraphrase-MiniLM-L6-v2
==================================================
Resultados já encontrados em /home/students/moliveira/telegram-political-toxicity/reports/classifier/paraphrase-MiniLM-L6-v2/lr. Pulando...

############################################################
[2/3] Modelo de embedding: all-MiniLM-L6-v2
############################################################
| Gerando/carregando embeddings...
   -> Carregando da cache: /home/students/moliveira/telegram-political-toxicity/data/cache/embeddings_classifier/all-MiniLM-L6-v2.npy

==================================================
  Classificador: LR | Embedding: all-MiniLM-L6-v2
==================================================
Resultados já encontrados em /home/students/moliveira/telegram-political-toxicity/reports/classifier/all-MiniLM-L6-v2/lr. Pulando...

############################################################
[3/3] Modelo de embedding: all-distilroberta-v1
############################################################
| Gerando/carregando embeddings...
   -> Carregando da cache: /home/students/moliveira/telegram-political-toxicity/data/cache/embeddings_classifier/all-distilroberta-v1.npy
