Lendo texto com colunas: ['group_name', 'text', 'id']
Lendo tópicos com colunas: ['group_name', 'political_category', 'id']
Dataset carregado: 996055 documentos
Modelo Vencedor: LR com all-distilroberta-v1
Classes encontradas para treino: ['Non Politic', 'Outliers', 'Politic']
| Gerando/carregando embeddings...
   -> Carregando da cache: /home/students/moliveira/paperMessages/data/cache/embeddings_classifier/all-distilroberta-v1.npy

Otimizando hiperparâmetros com GridSearchCV em 100% da amostra...
| Servidor com 72 núcleos. Alocando 36 para o Grid Search.
/opt/conda/lib/python3.13/site-packages/sklearn/linear_model/_sag.py:348: ConvergenceWarning: The max_iter was reached which means the coef_ did not converge
  warnings.warn(
/opt/conda/lib/python3.13/site-packages/sklearn/linear_model/_sag.py:348: ConvergenceWarning: The max_iter was reached which means the coef_ did not converge
  warnings.warn(
/opt/conda/lib/python3.13/site-packages/sklearn/linear_model/_sag.py:348: ConvergenceWarning: The max_iter was reached which means the coef_ did not converge
  warnings.warn(
/opt/conda/lib/python3.13/site-packages/sklearn/linear_model/_sag.py:348: ConvergenceWarning: The max_iter was reached which means the coef_ did not converge
  warnings.warn(
/opt/conda/lib/python3.13/site-packages/sklearn/linear_model/_sag.py:348: ConvergenceWarning: The max_iter was reached which means the coef_ did not converge
  warnings.warn(
/opt/conda/lib/python3.13/site-packages/sklearn/linear_model/_sag.py:348: ConvergenceWarning: The max_iter was reached which means the coef_ did not converge
  warnings.warn(
/opt/conda/lib/python3.13/site-packages/sklearn/linear_model/_sag.py:348: ConvergenceWarning: The max_iter was reached which means the coef_ did not converge
  warnings.warn(
/opt/conda/lib/python3.13/site-packages/sklearn/linear_model/_sag.py:348: ConvergenceWarning: The max_iter was reached which means the coef_ did not converge
  warnings.warn(
/opt/conda/lib/python3.13/site-packages/sklearn/linear_model/_sag.py:348: ConvergenceWarning: The max_iter was reached which means the coef_ did not converge
  warnings.warn(
/opt/conda/lib/python3.13/site-packages/sklearn/linear_model/_sag.py:348: ConvergenceWarning: The max_iter was reached which means the coef_ did not converge
  warnings.warn(
/opt/conda/lib/python3.13/site-packages/sklearn/linear_model/_sag.py:348: ConvergenceWarning: The max_iter was reached which means the coef_ did not converge
  warnings.warn(
/opt/conda/lib/python3.13/site-packages/sklearn/linear_model/_sag.py:348: ConvergenceWarning: The max_iter was reached which means the coef_ did not converge
  warnings.warn(
/opt/conda/lib/python3.13/site-packages/sklearn/linear_model/_sag.py:348: ConvergenceWarning: The max_iter was reached which means the coef_ did not converge
  warnings.warn(
/opt/conda/lib/python3.13/site-packages/sklearn/linear_model/_sag.py:348: ConvergenceWarning: The max_iter was reached which means the coef_ did not converge
  warnings.warn(
/opt/conda/lib/python3.13/site-packages/sklearn/linear_model/_sag.py:348: ConvergenceWarning: The max_iter was reached which means the coef_ did not converge
  warnings.warn(
/opt/conda/lib/python3.13/site-packages/sklearn/linear_model/_sag.py:348: ConvergenceWarning: The max_iter was reached which means the coef_ did not converge
  warnings.warn(
/opt/conda/lib/python3.13/site-packages/sklearn/linear_model/_sag.py:348: ConvergenceWarning: The max_iter was reached which means the coef_ did not converge
  warnings.warn(
/opt/conda/lib/python3.13/site-packages/sklearn/linear_model/_sag.py:348: ConvergenceWarning: The max_iter was reached which means the coef_ did not converge
  warnings.warn(
/opt/conda/lib/python3.13/site-packages/sklearn/linear_model/_sag.py:348: ConvergenceWarning: The max_iter was reached which means the coef_ did not converge
  warnings.warn(
/opt/conda/lib/python3.13/site-packages/sklearn/linear_model/_sag.py:348: ConvergenceWarning: The max_iter was reached which means the coef_ did not converge
  warnings.warn(
Melhores parâmetros: {'C': 100.0, 'class_weight': None, 'max_iter': 1000, 'solver': 'saga'}
Treinando modelo final...
Modelo salvo em /home/students/moliveira/paperMessages/reports/classifier/lr_all-distilroberta-v1_producao.joblib
Pipeline de treino concluído. Modelo salvo para inferência em: /home/students/moliveira/paperMessages/reports/classifier/lr_all-distilroberta-v1_producao.joblib
