Lendo texto com colunas: ['id', 'group_name', 'text']
Lendo tópicos com colunas: ['id', 'group_name', 'political_category']
Dataset carregado: 996055 documentos
Modelo Vencedor: LR com all-distilroberta-v1
Classes encontradas para treino: ['Non Politic', 'Outliers', 'Politic']
| Gerando/carregando embeddings...
   -> Carregando da cache: /home/students/moliveira/paperMessages/data/cache/embeddings_classifier/all-distilroberta-v1.npy

Otimizando hiperparâmetros com GridSearchCV em 100% da amostra...
| Servidor com 72 núcleos. Alocando 36 para o Grid Search.
/opt/conda/lib/python3.13/site-packages/sklearn/linear_model/_logistic.py:1457: FutureWarning: 'n_jobs' has no effect since 1.8 and will be removed in 1.10. You provided 'n_jobs=-1', please leave it unspecified.
  warnings.warn(msg, category=FutureWarning)
/opt/conda/lib/python3.13/site-packages/sklearn/linear_model/_logistic.py:1457: FutureWarning: 'n_jobs' has no effect since 1.8 and will be removed in 1.10. You provided 'n_jobs=-1', please leave it unspecified.
  warnings.warn(msg, category=FutureWarning)
/opt/conda/lib/python3.13/site-packages/sklearn/linear_model/_logistic.py:1457: FutureWarning: 'n_jobs' has no effect since 1.8 and will be removed in 1.10. You provided 'n_jobs=-1', please leave it unspecified.
  warnings.warn(msg, category=FutureWarning)
/opt/conda/lib/python3.13/site-packages/sklearn/linear_model/_logistic.py:1457: FutureWarning: 'n_jobs' has no effect since 1.8 and will be removed in 1.10. You provided 'n_jobs=-1', please leave it unspecified.
  warnings.warn(msg, category=FutureWarning)
/opt/conda/lib/python3.13/site-packages/sklearn/linear_model/_logistic.py:1457: FutureWarning: 'n_jobs' has no effect since 1.8 and will be removed in 1.10. You provided 'n_jobs=-1', please leave it unspecified.
  warnings.warn(msg, category=FutureWarning)
/opt/conda/lib/python3.13/site-packages/sklearn/linear_model/_logistic.py:1457: FutureWarning: 'n_jobs' has no effect since 1.8 and will be removed in 1.10. You provided 'n_jobs=-1', please leave it unspecified.
  warnings.warn(msg, category=FutureWarning)
/opt/conda/lib/python3.13/site-packages/sklearn/linear_model/_logistic.py:1457: FutureWarning: 'n_jobs' has no effect since 1.8 and will be removed in 1.10. You provided 'n_jobs=-1', please leave it unspecified.
  warnings.warn(msg, category=FutureWarning)
/opt/conda/lib/python3.13/site-packages/sklearn/linear_model/_logistic.py:1457: FutureWarning: 'n_jobs' has no effect since 1.8 and will be removed in 1.10. You provided 'n_jobs=-1', please leave it unspecified.
  warnings.warn(msg, category=FutureWarning)
/opt/conda/lib/python3.13/site-packages/sklearn/linear_model/_logistic.py:1457: FutureWarning: 'n_jobs' has no effect since 1.8 and will be removed in 1.10. You provided 'n_jobs=-1', please leave it unspecified.
  warnings.warn(msg, category=FutureWarning)
/opt/conda/lib/python3.13/site-packages/sklearn/linear_model/_logistic.py:1457: FutureWarning: 'n_jobs' has no effect since 1.8 and will be removed in 1.10. You provided 'n_jobs=-1', please leave it unspecified.
  warnings.warn(msg, category=FutureWarning)
/opt/conda/lib/python3.13/site-packages/sklearn/linear_model/_logistic.py:1457: FutureWarning: 'n_jobs' has no effect since 1.8 and will be removed in 1.10. You provided 'n_jobs=-1', please leave it unspecified.
  warnings.warn(msg, category=FutureWarning)
/opt/conda/lib/python3.13/site-packages/sklearn/linear_model/_logistic.py:1457: FutureWarning: 'n_jobs' has no effect since 1.8 and will be removed in 1.10. You provided 'n_jobs=-1', please leave it unspecified.
  warnings.warn(msg, category=FutureWarning)
/opt/conda/lib/python3.13/site-packages/sklearn/linear_model/_logistic.py:1457: FutureWarning: 'n_jobs' has no effect since 1.8 and will be removed in 1.10. You provided 'n_jobs=-1', please leave it unspecified.
  warnings.warn(msg, category=FutureWarning)
/opt/conda/lib/python3.13/site-packages/sklearn/linear_model/_logistic.py:1457: FutureWarning: 'n_jobs' has no effect since 1.8 and will be removed in 1.10. You provided 'n_jobs=-1', please leave it unspecified.
  warnings.warn(msg, category=FutureWarning)
/opt/conda/lib/python3.13/site-packages/sklearn/linear_model/_logistic.py:1457: FutureWarning: 'n_jobs' has no effect since 1.8 and will be removed in 1.10. You provided 'n_jobs=-1', please leave it unspecified.
  warnings.warn(msg, category=FutureWarning)
/opt/conda/lib/python3.13/site-packages/sklearn/linear_model/_logistic.py:1457: FutureWarning: 'n_jobs' has no effect since 1.8 and will be removed in 1.10. You provided 'n_jobs=-1', please leave it unspecified.
  warnings.warn(msg, category=FutureWarning)
/opt/conda/lib/python3.13/site-packages/sklearn/linear_model/_logistic.py:1457: FutureWarning: 'n_jobs' has no effect since 1.8 and will be removed in 1.10. You provided 'n_jobs=-1', please leave it unspecified.
  warnings.warn(msg, category=FutureWarning)
/opt/conda/lib/python3.13/site-packages/sklearn/linear_model/_logistic.py:1457: FutureWarning: 'n_jobs' has no effect since 1.8 and will be removed in 1.10. You provided 'n_jobs=-1', please leave it unspecified.
  warnings.warn(msg, category=FutureWarning)
/opt/conda/lib/python3.13/site-packages/sklearn/linear_model/_logistic.py:1457: FutureWarning: 'n_jobs' has no effect since 1.8 and will be removed in 1.10. You provided 'n_jobs=-1', please leave it unspecified.
  warnings.warn(msg, category=FutureWarning)
/opt/conda/lib/python3.13/site-packages/sklearn/linear_model/_logistic.py:1457: FutureWarning: 'n_jobs' has no effect since 1.8 and will be removed in 1.10. You provided 'n_jobs=-1', please leave it unspecified.
  warnings.warn(msg, category=FutureWarning)
/opt/conda/lib/python3.13/site-packages/sklearn/linear_model/_logistic.py:1457: FutureWarning: 'n_jobs' has no effect since 1.8 and will be removed in 1.10. You provided 'n_jobs=-1', please leave it unspecified.
  warnings.warn(msg, category=FutureWarning)
/opt/conda/lib/python3.13/site-packages/sklearn/linear_model/_logistic.py:1457: FutureWarning: 'n_jobs' has no effect since 1.8 and will be removed in 1.10. You provided 'n_jobs=-1', please leave it unspecified.
  warnings.warn(msg, category=FutureWarning)
/opt/conda/lib/python3.13/site-packages/sklearn/linear_model/_logistic.py:1457: FutureWarning: 'n_jobs' has no effect since 1.8 and will be removed in 1.10. You provided 'n_jobs=-1', please leave it unspecified.
  warnings.warn(msg, category=FutureWarning)
/opt/conda/lib/python3.13/site-packages/sklearn/linear_model/_logistic.py:1457: FutureWarning: 'n_jobs' has no effect since 1.8 and will be removed in 1.10. You provided 'n_jobs=-1', please leave it unspecified.
  warnings.warn(msg, category=FutureWarning)
/opt/conda/lib/python3.13/site-packages/sklearn/linear_model/_logistic.py:1457: FutureWarning: 'n_jobs' has no effect since 1.8 and will be removed in 1.10. You provided 'n_jobs=-1', please leave it unspecified.
  warnings.warn(msg, category=FutureWarning)
/opt/conda/lib/python3.13/site-packages/sklearn/linear_model/_logistic.py:1457: FutureWarning: 'n_jobs' has no effect since 1.8 and will be removed in 1.10. You provided 'n_jobs=-1', please leave it unspecified.
  warnings.warn(msg, category=FutureWarning)
/opt/conda/lib/python3.13/site-packages/sklearn/linear_model/_logistic.py:1457: FutureWarning: 'n_jobs' has no effect since 1.8 and will be removed in 1.10. You provided 'n_jobs=-1', please leave it unspecified.
  warnings.warn(msg, category=FutureWarning)
/opt/conda/lib/python3.13/site-packages/sklearn/linear_model/_logistic.py:1457: FutureWarning: 'n_jobs' has no effect since 1.8 and will be removed in 1.10. You provided 'n_jobs=-1', please leave it unspecified.
  warnings.warn(msg, category=FutureWarning)
/opt/conda/lib/python3.13/site-packages/sklearn/linear_model/_logistic.py:1457: FutureWarning: 'n_jobs' has no effect since 1.8 and will be removed in 1.10. You provided 'n_jobs=-1', please leave it unspecified.
  warnings.warn(msg, category=FutureWarning)
/opt/conda/lib/python3.13/site-packages/sklearn/linear_model/_logistic.py:1457: FutureWarning: 'n_jobs' has no effect since 1.8 and will be removed in 1.10. You provided 'n_jobs=-1', please leave it unspecified.
  warnings.warn(msg, category=FutureWarning)
/opt/conda/lib/python3.13/site-packages/sklearn/linear_model/_logistic.py:1457: FutureWarning: 'n_jobs' has no effect since 1.8 and will be removed in 1.10. You provided 'n_jobs=-1', please leave it unspecified.
  warnings.warn(msg, category=FutureWarning)
/opt/conda/lib/python3.13/site-packages/sklearn/linear_model/_logistic.py:1457: FutureWarning: 'n_jobs' has no effect since 1.8 and will be removed in 1.10. You provided 'n_jobs=-1', please leave it unspecified.
  warnings.warn(msg, category=FutureWarning)
/opt/conda/lib/python3.13/site-packages/sklearn/linear_model/_logistic.py:1457: FutureWarning: 'n_jobs' has no effect since 1.8 and will be removed in 1.10. You provided 'n_jobs=-1', please leave it unspecified.
  warnings.warn(msg, category=FutureWarning)
/opt/conda/lib/python3.13/site-packages/sklearn/linear_model/_logistic.py:1457: FutureWarning: 'n_jobs' has no effect since 1.8 and will be removed in 1.10. You provided 'n_jobs=-1', please leave it unspecified.
  warnings.warn(msg, category=FutureWarning)
/opt/conda/lib/python3.13/site-packages/sklearn/linear_model/_logistic.py:1457: FutureWarning: 'n_jobs' has no effect since 1.8 and will be removed in 1.10. You provided 'n_jobs=-1', please leave it unspecified.
  warnings.warn(msg, category=FutureWarning)
/opt/conda/lib/python3.13/site-packages/sklearn/linear_model/_logistic.py:1457: FutureWarning: 'n_jobs' has no effect since 1.8 and will be removed in 1.10. You provided 'n_jobs=-1', please leave it unspecified.
  warnings.warn(msg, category=FutureWarning)
/opt/conda/lib/python3.13/site-packages/sklearn/linear_model/_logistic.py:1457: FutureWarning: 'n_jobs' has no effect since 1.8 and will be removed in 1.10. You provided 'n_jobs=-1', please leave it unspecified.
  warnings.warn(msg, category=FutureWarning)
/opt/conda/lib/python3.13/site-packages/sklearn/linear_model/_logistic.py:1457: FutureWarning: 'n_jobs' has no effect since 1.8 and will be removed in 1.10. You provided 'n_jobs=-1', please leave it unspecified.
  warnings.warn(msg, category=FutureWarning)
/opt/conda/lib/python3.13/site-packages/sklearn/linear_model/_logistic.py:1457: FutureWarning: 'n_jobs' has no effect since 1.8 and will be removed in 1.10. You provided 'n_jobs=-1', please leave it unspecified.
  warnings.warn(msg, category=FutureWarning)
/opt/conda/lib/python3.13/site-packages/sklearn/linear_model/_logistic.py:1457: FutureWarning: 'n_jobs' has no effect since 1.8 and will be removed in 1.10. You provided 'n_jobs=-1', please leave it unspecified.
  warnings.warn(msg, category=FutureWarning)
/opt/conda/lib/python3.13/site-packages/sklearn/linear_model/_logistic.py:1457: FutureWarning: 'n_jobs' has no effect since 1.8 and will be removed in 1.10. You provided 'n_jobs=-1', please leave it unspecified.
  warnings.warn(msg, category=FutureWarning)
/opt/conda/lib/python3.13/site-packages/sklearn/linear_model/_logistic.py:1457: FutureWarning: 'n_jobs' has no effect since 1.8 and will be removed in 1.10. You provided 'n_jobs=-1', please leave it unspecified.
  warnings.warn(msg, category=FutureWarning)
/opt/conda/lib/python3.13/site-packages/sklearn/linear_model/_logistic.py:1457: FutureWarning: 'n_jobs' has no effect since 1.8 and will be removed in 1.10. You provided 'n_jobs=-1', please leave it unspecified.
  warnings.warn(msg, category=FutureWarning)
/opt/conda/lib/python3.13/site-packages/sklearn/linear_model/_logistic.py:1457: FutureWarning: 'n_jobs' has no effect since 1.8 and will be removed in 1.10. You provided 'n_jobs=-1', please leave it unspecified.
  warnings.warn(msg, category=FutureWarning)
/opt/conda/lib/python3.13/site-packages/sklearn/linear_model/_logistic.py:1457: FutureWarning: 'n_jobs' has no effect since 1.8 and will be removed in 1.10. You provided 'n_jobs=-1', please leave it unspecified.
  warnings.warn(msg, category=FutureWarning)
/opt/conda/lib/python3.13/site-packages/sklearn/linear_model/_logistic.py:1457: FutureWarning: 'n_jobs' has no effect since 1.8 and will be removed in 1.10. You provided 'n_jobs=-1', please leave it unspecified.
  warnings.warn(msg, category=FutureWarning)
/opt/conda/lib/python3.13/site-packages/sklearn/linear_model/_logistic.py:1457: FutureWarning: 'n_jobs' has no effect since 1.8 and will be removed in 1.10. You provided 'n_jobs=-1', please leave it unspecified.
  warnings.warn(msg, category=FutureWarning)
/opt/conda/lib/python3.13/site-packages/sklearn/linear_model/_logistic.py:1457: FutureWarning: 'n_jobs' has no effect since 1.8 and will be removed in 1.10. You provided 'n_jobs=-1', please leave it unspecified.
  warnings.warn(msg, category=FutureWarning)
/opt/conda/lib/python3.13/site-packages/sklearn/linear_model/_logistic.py:1457: FutureWarning: 'n_jobs' has no effect since 1.8 and will be removed in 1.10. You provided 'n_jobs=-1', please leave it unspecified.
  warnings.warn(msg, category=FutureWarning)
/opt/conda/lib/python3.13/site-packages/sklearn/linear_model/_logistic.py:1457: FutureWarning: 'n_jobs' has no effect since 1.8 and will be removed in 1.10. You provided 'n_jobs=-1', please leave it unspecified.
  warnings.warn(msg, category=FutureWarning)
/opt/conda/lib/python3.13/site-packages/sklearn/linear_model/_logistic.py:1457: FutureWarning: 'n_jobs' has no effect since 1.8 and will be removed in 1.10. You provided 'n_jobs=-1', please leave it unspecified.
  warnings.warn(msg, category=FutureWarning)
/opt/conda/lib/python3.13/site-packages/sklearn/linear_model/_logistic.py:1457: FutureWarning: 'n_jobs' has no effect since 1.8 and will be removed in 1.10. You provided 'n_jobs=-1', please leave it unspecified.
  warnings.warn(msg, category=FutureWarning)
/opt/conda/lib/python3.13/site-packages/sklearn/linear_model/_logistic.py:1457: FutureWarning: 'n_jobs' has no effect since 1.8 and will be removed in 1.10. You provided 'n_jobs=-1', please leave it unspecified.
  warnings.warn(msg, category=FutureWarning)
/opt/conda/lib/python3.13/site-packages/sklearn/linear_model/_logistic.py:1457: FutureWarning: 'n_jobs' has no effect since 1.8 and will be removed in 1.10. You provided 'n_jobs=-1', please leave it unspecified.
  warnings.warn(msg, category=FutureWarning)
/opt/conda/lib/python3.13/site-packages/sklearn/linear_model/_logistic.py:1457: FutureWarning: 'n_jobs' has no effect since 1.8 and will be removed in 1.10. You provided 'n_jobs=-1', please leave it unspecified.
  warnings.warn(msg, category=FutureWarning)
/opt/conda/lib/python3.13/site-packages/sklearn/linear_model/_logistic.py:1457: FutureWarning: 'n_jobs' has no effect since 1.8 and will be removed in 1.10. You provided 'n_jobs=-1', please leave it unspecified.
  warnings.warn(msg, category=FutureWarning)
